<?xml version="1.0" encoding="ISO-8859-1" ?>
<link_info>
   <banner>TMS320C2000 Linker PC v18.1.2.LTS</banner>
   <copyright>Copyright (c) 1996-2017 Texas Instruments Incorporated</copyright>
   <link_time>0x64325fdd</link_time>
   <link_errors>0x0</link_errors>
   <output_file>Prj3.out</output_file>
   <entry_point>
      <name>_c_int00</name>
      <address>0x8660</address>
   </entry_point>
   <input_file_list>
      <input_file id="fl-2">
         <path>.\</path>
         <kind>object</kind>
         <file>DSP2802x_GlobalVariableDefs.obj</file>
         <name>DSP2802x_GlobalVariableDefs.obj</name>
      </input_file>
      <input_file id="fl-3">
         <path>.\</path>
         <kind>object</kind>
         <file>LED_TM1638.obj</file>
         <name>LED_TM1638.obj</name>
      </input_file>
      <input_file id="fl-4">
         <path>.\</path>
         <kind>object</kind>
         <file>main.obj</file>
         <name>main.obj</name>
      </input_file>
      <input_file id="fl-5">
         <path>.\source\</path>
         <kind>object</kind>
         <file>DSP2802x_Adc.obj</file>
         <name>DSP2802x_Adc.obj</name>
      </input_file>
      <input_file id="fl-6">
         <path>.\source\</path>
         <kind>object</kind>
         <file>DSP2802x_CodeStartBranch.obj</file>
         <name>DSP2802x_CodeStartBranch.obj</name>
      </input_file>
      <input_file id="fl-7">
         <path>.\source\</path>
         <kind>object</kind>
         <file>DSP2802x_Comp.obj</file>
         <name>DSP2802x_Comp.obj</name>
      </input_file>
      <input_file id="fl-8">
         <path>.\source\</path>
         <kind>object</kind>
         <file>DSP2802x_CpuTimers.obj</file>
         <name>DSP2802x_CpuTimers.obj</name>
      </input_file>
      <input_file id="fl-9">
         <path>.\source\</path>
         <kind>object</kind>
         <file>DSP2802x_DBGIER.obj</file>
         <name>DSP2802x_DBGIER.obj</name>
      </input_file>
      <input_file id="fl-a">
         <path>.\source\</path>
         <kind>object</kind>
         <file>DSP2802x_DefaultIsr.obj</file>
         <name>DSP2802x_DefaultIsr.obj</name>
      </input_file>
      <input_file id="fl-b">
         <path>.\source\</path>
         <kind>object</kind>
         <file>DSP2802x_DisInt.obj</file>
         <name>DSP2802x_DisInt.obj</name>
      </input_file>
      <input_file id="fl-c">
         <path>.\source\</path>
         <kind>object</kind>
         <file>DSP2802x_ECap.obj</file>
         <name>DSP2802x_ECap.obj</name>
      </input_file>
      <input_file id="fl-d">
         <path>.\source\</path>
         <kind>object</kind>
         <file>DSP2802x_EPwm.obj</file>
         <name>DSP2802x_EPwm.obj</name>
      </input_file>
      <input_file id="fl-e">
         <path>.\source\</path>
         <kind>object</kind>
         <file>DSP2802x_Gpio.obj</file>
         <name>DSP2802x_Gpio.obj</name>
      </input_file>
      <input_file id="fl-f">
         <path>.\source\</path>
         <kind>object</kind>
         <file>DSP2802x_I2C.obj</file>
         <name>DSP2802x_I2C.obj</name>
      </input_file>
      <input_file id="fl-10">
         <path>.\source\</path>
         <kind>object</kind>
         <file>DSP2802x_MemCopy.obj</file>
         <name>DSP2802x_MemCopy.obj</name>
      </input_file>
      <input_file id="fl-11">
         <path>.\source\</path>
         <kind>object</kind>
         <file>DSP2802x_OscComp.obj</file>
         <name>DSP2802x_OscComp.obj</name>
      </input_file>
      <input_file id="fl-12">
         <path>.\source\</path>
         <kind>object</kind>
         <file>DSP2802x_PieCtrl.obj</file>
         <name>DSP2802x_PieCtrl.obj</name>
      </input_file>
      <input_file id="fl-13">
         <path>.\source\</path>
         <kind>object</kind>
         <file>DSP2802x_PieVect.obj</file>
         <name>DSP2802x_PieVect.obj</name>
      </input_file>
      <input_file id="fl-14">
         <path>.\source\</path>
         <kind>object</kind>
         <file>DSP2802x_Sci.obj</file>
         <name>DSP2802x_Sci.obj</name>
      </input_file>
      <input_file id="fl-15">
         <path>.\source\</path>
         <kind>object</kind>
         <file>DSP2802x_Spi.obj</file>
         <name>DSP2802x_Spi.obj</name>
      </input_file>
      <input_file id="fl-16">
         <path>.\source\</path>
         <kind>object</kind>
         <file>DSP2802x_SysCtrl.obj</file>
         <name>DSP2802x_SysCtrl.obj</name>
      </input_file>
      <input_file id="fl-17">
         <path>.\source\</path>
         <kind>object</kind>
         <file>DSP2802x_TempSensorConv.obj</file>
         <name>DSP2802x_TempSensorConv.obj</name>
      </input_file>
      <input_file id="fl-18">
         <path>.\source\</path>
         <kind>object</kind>
         <file>DSP2802x_usDelay.obj</file>
         <name>DSP2802x_usDelay.obj</name>
      </input_file>
      <input_file id="fl-1d">
         <kind>object</kind>
         <file>&lt;internal&gt;</file>
         <name>&lt;internal&gt;</name>
      </input_file>
      <input_file id="fl-29">
         <path>D:\ti\ccsv8\tools\compiler\ti-cgt-c2000_18.1.2.LTS\lib\</path>
         <kind>archive</kind>
         <file>rts2800_ml.lib</file>
         <name>boot28.asm.obj</name>
      </input_file>
      <input_file id="fl-2a">
         <path>D:\ti\ccsv8\tools\compiler\ti-cgt-c2000_18.1.2.LTS\lib\</path>
         <kind>archive</kind>
         <file>rts2800_ml.lib</file>
         <name>fs_mpy28.asm.obj</name>
      </input_file>
      <input_file id="fl-2b">
         <path>D:\ti\ccsv8\tools\compiler\ti-cgt-c2000_18.1.2.LTS\lib\</path>
         <kind>archive</kind>
         <file>rts2800_ml.lib</file>
         <name>fs_toi28.asm.obj</name>
      </input_file>
      <input_file id="fl-2c">
         <path>D:\ti\ccsv8\tools\compiler\ti-cgt-c2000_18.1.2.LTS\lib\</path>
         <kind>archive</kind>
         <file>rts2800_ml.lib</file>
         <name>fs_tol28.asm.obj</name>
      </input_file>
      <input_file id="fl-2d">
         <path>D:\ti\ccsv8\tools\compiler\ti-cgt-c2000_18.1.2.LTS\lib\</path>
         <kind>archive</kind>
         <file>rts2800_ml.lib</file>
         <name>i_div28.asm.obj</name>
      </input_file>
      <input_file id="fl-2e">
         <path>D:\ti\ccsv8\tools\compiler\ti-cgt-c2000_18.1.2.LTS\lib\</path>
         <kind>archive</kind>
         <file>rts2800_ml.lib</file>
         <name>u_tofs28.asm.obj</name>
      </input_file>
      <input_file id="fl-2f">
         <path>D:\ti\ccsv8\tools\compiler\ti-cgt-c2000_18.1.2.LTS\lib\</path>
         <kind>archive</kind>
         <file>rts2800_ml.lib</file>
         <name>cpy_tbl.c.obj</name>
      </input_file>
      <input_file id="fl-30">
         <path>D:\ti\ccsv8\tools\compiler\ti-cgt-c2000_18.1.2.LTS\lib\</path>
         <kind>archive</kind>
         <file>rts2800_ml.lib</file>
         <name>memcpy.c.obj</name>
      </input_file>
      <input_file id="fl-31">
         <path>D:\ti\ccsv8\tools\compiler\ti-cgt-c2000_18.1.2.LTS\lib\</path>
         <kind>archive</kind>
         <file>rts2800_ml.lib</file>
         <name>pre_init.c.obj</name>
      </input_file>
      <input_file id="fl-32">
         <path>D:\ti\ccsv8\tools\compiler\ti-cgt-c2000_18.1.2.LTS\lib\</path>
         <kind>archive</kind>
         <file>rts2800_ml.lib</file>
         <name>startup.c.obj</name>
      </input_file>
      <input_file id="fl-33">
         <path>D:\ti\ccsv8\tools\compiler\ti-cgt-c2000_18.1.2.LTS\lib\</path>
         <kind>archive</kind>
         <file>rts2800_ml.lib</file>
         <name>exit.c.obj</name>
      </input_file>
      <input_file id="fl-34">
         <path>D:\ti\ccsv8\tools\compiler\ti-cgt-c2000_18.1.2.LTS\lib\</path>
         <kind>archive</kind>
         <file>rts2800_ml.lib</file>
         <name>_lock.c.obj</name>
      </input_file>
      <input_file id="fl-35">
         <path>D:\ti\ccsv8\tools\compiler\ti-cgt-c2000_18.1.2.LTS\lib\</path>
         <kind>archive</kind>
         <file>rts2800_ml.lib</file>
         <name>args_main.c.obj</name>
      </input_file>
   </input_file_list>
   <object_component_list>
      <object_component id="oc-69">
         <name>codestart</name>
         <load_address>0x0</load_address>
         <run_address>0x0</run_address>
         <size>0x2</size>
         <input_file_ref idref="fl-6"/>
      </object_component>
      <object_component id="oc-11d">
         <name>.text</name>
         <load_address>0x8000</load_address>
         <run_address>0x8000</run_address>
         <size>0x1ab</size>
         <input_file_ref idref="fl-5"/>
      </object_component>
      <object_component id="oc-119">
         <name>.text</name>
         <load_address>0x81ab</load_address>
         <run_address>0x81ab</run_address>
         <size>0x14c</size>
         <input_file_ref idref="fl-16"/>
      </object_component>
      <object_component id="oc-7f">
         <name>.text:retain</name>
         <load_address>0x82f7</load_address>
         <run_address>0x82f7</run_address>
         <size>0xff</size>
         <input_file_ref idref="fl-a"/>
      </object_component>
      <object_component id="oc-113">
         <name>.text</name>
         <load_address>0x83f6</load_address>
         <run_address>0x83f6</run_address>
         <size>0xbe</size>
         <input_file_ref idref="fl-3"/>
      </object_component>
      <object_component id="oc-115">
         <name>.text</name>
         <load_address>0x84b4</load_address>
         <run_address>0x84b4</run_address>
         <size>0xb6</size>
         <input_file_ref idref="fl-4"/>
      </object_component>
      <object_component id="oc-11a">
         <name>.text</name>
         <load_address>0x856a</load_address>
         <run_address>0x856a</run_address>
         <size>0x9c</size>
         <input_file_ref idref="fl-d"/>
      </object_component>
      <object_component id="oc-d0">
         <name>.text</name>
         <load_address>0x8606</load_address>
         <run_address>0x8606</run_address>
         <size>0x5a</size>
         <input_file_ref idref="fl-2a"/>
      </object_component>
      <object_component id="oc-33">
         <name>.text</name>
         <load_address>0x8660</load_address>
         <run_address>0x8660</run_address>
         <size>0x54</size>
         <input_file_ref idref="fl-29"/>
      </object_component>
      <object_component id="oc-5e">
         <name>.text:retain</name>
         <load_address>0x86b4</load_address>
         <run_address>0x86b4</run_address>
         <size>0x37</size>
         <input_file_ref idref="fl-4"/>
      </object_component>
      <object_component id="oc-112">
         <name>.text</name>
         <load_address>0x86eb</load_address>
         <run_address>0x86eb</run_address>
         <size>0x29</size>
         <input_file_ref idref="fl-33"/>
      </object_component>
      <object_component id="oc-da">
         <name>.text</name>
         <load_address>0x8714</load_address>
         <run_address>0x8714</run_address>
         <size>0x29</size>
         <input_file_ref idref="fl-2c"/>
      </object_component>
      <object_component id="oc-11b">
         <name>.text</name>
         <load_address>0x873d</load_address>
         <run_address>0x873d</run_address>
         <size>0x28</size>
         <input_file_ref idref="fl-12"/>
      </object_component>
      <object_component id="oc-d5">
         <name>.text</name>
         <load_address>0x8765</load_address>
         <run_address>0x8765</run_address>
         <size>0x25</size>
         <input_file_ref idref="fl-2b"/>
      </object_component>
      <object_component id="oc-10f">
         <name>.text</name>
         <load_address>0x878a</load_address>
         <run_address>0x878a</run_address>
         <size>0x24</size>
         <input_file_ref idref="fl-2f"/>
      </object_component>
      <object_component id="oc-df">
         <name>.text</name>
         <load_address>0x87ae</load_address>
         <run_address>0x87ae</run_address>
         <size>0x22</size>
         <input_file_ref idref="fl-2d"/>
      </object_component>
      <object_component id="oc-114">
         <name>.text</name>
         <load_address>0x87d0</load_address>
         <run_address>0x87d0</run_address>
         <size>0x1d</size>
         <input_file_ref idref="fl-30"/>
      </object_component>
      <object_component id="oc-111">
         <name>.text</name>
         <load_address>0x87ed</load_address>
         <run_address>0x87ed</run_address>
         <size>0x19</size>
         <input_file_ref idref="fl-35"/>
      </object_component>
      <object_component id="oc-11c">
         <name>.text</name>
         <load_address>0x8806</load_address>
         <run_address>0x8806</run_address>
         <size>0x11</size>
         <input_file_ref idref="fl-13"/>
      </object_component>
      <object_component id="oc-e4">
         <name>.text</name>
         <load_address>0x8817</load_address>
         <run_address>0x8817</run_address>
         <size>0x10</size>
         <input_file_ref idref="fl-2e"/>
      </object_component>
      <object_component id="oc-11e">
         <name>.text</name>
         <load_address>0x8827</load_address>
         <run_address>0x8827</run_address>
         <size>0x9</size>
         <input_file_ref idref="fl-34"/>
      </object_component>
      <object_component id="oc-68">
         <name>.text</name>
         <load_address>0x8830</load_address>
         <run_address>0x8830</run_address>
         <size>0x8</size>
         <input_file_ref idref="fl-6"/>
      </object_component>
      <object_component id="oc-84">
         <name>.text</name>
         <load_address>0x8838</load_address>
         <run_address>0x8838</run_address>
         <size>0x7</size>
         <input_file_ref idref="fl-b"/>
      </object_component>
      <object_component id="oc-79">
         <name>.text</name>
         <load_address>0x883f</load_address>
         <run_address>0x883f</run_address>
         <size>0x3</size>
         <input_file_ref idref="fl-9"/>
      </object_component>
      <object_component id="oc-10e">
         <name>.text</name>
         <load_address>0x8842</load_address>
         <run_address>0x8842</run_address>
         <size>0x2</size>
         <input_file_ref idref="fl-31"/>
      </object_component>
      <object_component id="oc-110">
         <name>.text</name>
         <load_address>0x8844</load_address>
         <run_address>0x8844</run_address>
         <size>0x1</size>
         <input_file_ref idref="fl-32"/>
      </object_component>
      <object_component id="oc-fe">
         <name>.cinit</name>
         <load_address>0x50</load_address>
         <run_address>0x50</run_address>
         <size>0xe</size>
         <input_file_ref idref="fl-33"/>
      </object_component>
      <object_component id="oc-117">
         <name>.cinit:__lock</name>
         <load_address>0x5e</load_address>
         <run_address>0x5e</run_address>
         <size>0x5</size>
         <input_file_ref idref="fl-34"/>
      </object_component>
      <object_component id="oc-11f">
         <name>.cinit:__unlock</name>
         <load_address>0x63</load_address>
         <run_address>0x63</run_address>
         <size>0x5</size>
         <input_file_ref idref="fl-34"/>
      </object_component>
      <object_component id="oc-cb">
         <name>.reset</name>
         <load_address>0x3fffc0</load_address>
         <run_address>0x3fffc0</run_address>
         <size>0x2</size>
         <input_file_ref idref="fl-29"/>
      </object_component>
      <object_component id="oc-ca">
         <name>.stack</name>
         <uninitialized>true</uninitialized>
         <run_address>0x400</run_address>
         <size>0x0</size>
         <input_file_ref idref="fl-29"/>
      </object_component>
      <object_component id="oc-15e">
         <name>.stack</name>
         <uninitialized>true</uninitialized>
         <run_address>0x400</run_address>
         <size>0x0</size>
      </object_component>
      <object_component id="oc-5d">
         <name>.ebss</name>
         <uninitialized>true</uninitialized>
         <run_address>0x8a24</run_address>
         <size>0xe</size>
         <input_file_ref idref="fl-4"/>
      </object_component>
      <object_component id="oc-74">
         <name>.ebss</name>
         <uninitialized>true</uninitialized>
         <run_address>0x8a0c</run_address>
         <size>0x18</size>
         <input_file_ref idref="fl-8"/>
      </object_component>
      <object_component id="oc-ff">
         <name>.ebss</name>
         <uninitialized>true</uninitialized>
         <run_address>0x8a32</run_address>
         <size>0x6</size>
         <input_file_ref idref="fl-33"/>
      </object_component>
      <object_component id="oc-121">
         <name>.ebss:__unlock</name>
         <uninitialized>true</uninitialized>
         <run_address>0x8a3a</run_address>
         <size>0x2</size>
         <input_file_ref idref="fl-34"/>
      </object_component>
      <object_component id="oc-116">
         <name>.ebss:__lock</name>
         <uninitialized>true</uninitialized>
         <run_address>0x8a38</run_address>
         <size>0x2</size>
         <input_file_ref idref="fl-34"/>
      </object_component>
      <object_component id="oc-120">
         <name>.econst:_PieVectTableInit</name>
         <load_address>0x8900</load_address>
         <run_address>0x8900</run_address>
         <size>0x100</size>
         <input_file_ref idref="fl-13"/>
      </object_component>
      <object_component id="oc-118">
         <name>.econst:.string:_codetable</name>
         <load_address>0x8a00</load_address>
         <run_address>0x8a00</run_address>
         <size>0xb</size>
         <input_file_ref idref="fl-3"/>
      </object_component>
      <object_component id="oc-55">
         <name>PieVectTableFile</name>
         <uninitialized>true</uninitialized>
         <run_address>0xd00</run_address>
         <size>0x100</size>
         <input_file_ref idref="fl-2"/>
      </object_component>
      <object_component id="oc-35">
         <name>EmuKeyVar</name>
         <uninitialized>true</uninitialized>
         <run_address>0xd00</run_address>
         <size>0x1</size>
         <input_file_ref idref="fl-2"/>
      </object_component>
      <object_component id="oc-37">
         <name>EmuBModeVar</name>
         <uninitialized>true</uninitialized>
         <run_address>0xd01</run_address>
         <size>0x1</size>
         <input_file_ref idref="fl-2"/>
      </object_component>
      <object_component id="oc-39">
         <name>FlashCallbackVar</name>
         <uninitialized>true</uninitialized>
         <run_address>0xd02</run_address>
         <size>0x2</size>
         <input_file_ref idref="fl-2"/>
      </object_component>
      <object_component id="oc-38">
         <name>FlashScalingVar</name>
         <uninitialized>true</uninitialized>
         <run_address>0xd04</run_address>
         <size>0x2</size>
         <input_file_ref idref="fl-2"/>
      </object_component>
      <object_component id="oc-3b">
         <name>DevEmuRegsFile</name>
         <uninitialized>true</uninitialized>
         <run_address>0x880</run_address>
         <size>0x4</size>
         <input_file_ref idref="fl-2"/>
      </object_component>
      <object_component id="oc-3a">
         <name>SysPwrCtrlRegsFile</name>
         <uninitialized>true</uninitialized>
         <run_address>0x985</run_address>
         <size>0x3</size>
         <input_file_ref idref="fl-2"/>
      </object_component>
      <object_component id="oc-3c">
         <name>FlashRegsFile</name>
         <uninitialized>true</uninitialized>
         <run_address>0xa80</run_address>
         <size>0x8</size>
         <input_file_ref idref="fl-2"/>
      </object_component>
      <object_component id="oc-45">
         <name>CsmRegsFile</name>
         <uninitialized>true</uninitialized>
         <run_address>0xae0</run_address>
         <size>0x10</size>
         <input_file_ref idref="fl-2"/>
      </object_component>
      <object_component id="oc-4d">
         <name>AdcResultFile</name>
         <uninitialized>true</uninitialized>
         <run_address>0xb00</run_address>
         <size>0x20</size>
         <input_file_ref idref="fl-2"/>
      </object_component>
      <object_component id="oc-3d">
         <name>CpuTimer0RegsFile</name>
         <uninitialized>true</uninitialized>
         <run_address>0xc00</run_address>
         <size>0x8</size>
         <input_file_ref idref="fl-2"/>
      </object_component>
      <object_component id="oc-3e">
         <name>CpuTimer1RegsFile</name>
         <uninitialized>true</uninitialized>
         <run_address>0xc08</run_address>
         <size>0x8</size>
         <input_file_ref idref="fl-2"/>
      </object_component>
      <object_component id="oc-3f">
         <name>CpuTimer2RegsFile</name>
         <uninitialized>true</uninitialized>
         <run_address>0xc10</run_address>
         <size>0x8</size>
         <input_file_ref idref="fl-2"/>
      </object_component>
      <object_component id="oc-49">
         <name>PieCtrlRegsFile</name>
         <uninitialized>true</uninitialized>
         <run_address>0xce0</run_address>
         <size>0x1a</size>
         <input_file_ref idref="fl-2"/>
      </object_component>
      <object_component id="oc-4c">
         <name>ECap1RegsFile</name>
         <uninitialized>true</uninitialized>
         <run_address>0x6a00</run_address>
         <size>0x20</size>
         <input_file_ref idref="fl-2"/>
      </object_component>
      <object_component id="oc-53">
         <name>GpioCtrlRegsFile</name>
         <uninitialized>true</uninitialized>
         <run_address>0x6f80</run_address>
         <size>0x40</size>
         <input_file_ref idref="fl-2"/>
      </object_component>
      <object_component id="oc-4b">
         <name>GpioDataRegsFile</name>
         <uninitialized>true</uninitialized>
         <run_address>0x6fc0</run_address>
         <size>0x20</size>
         <input_file_ref idref="fl-2"/>
      </object_component>
      <object_component id="oc-41">
         <name>GpioIntRegsFile</name>
         <uninitialized>true</uninitialized>
         <run_address>0x6fe0</run_address>
         <size>0xa</size>
         <input_file_ref idref="fl-2"/>
      </object_component>
      <object_component id="oc-4a">
         <name>SysCtrlRegsFile</name>
         <uninitialized>true</uninitialized>
         <run_address>0x7010</run_address>
         <size>0x1f</size>
         <input_file_ref idref="fl-2"/>
      </object_component>
      <object_component id="oc-42">
         <name>SpiaRegsFile</name>
         <uninitialized>true</uninitialized>
         <run_address>0x7040</run_address>
         <size>0x10</size>
         <input_file_ref idref="fl-2"/>
      </object_component>
      <object_component id="oc-43">
         <name>SciaRegsFile</name>
         <uninitialized>true</uninitialized>
         <run_address>0x7050</run_address>
         <size>0x10</size>
         <input_file_ref idref="fl-2"/>
      </object_component>
      <object_component id="oc-44">
         <name>NmiIntruptRegsFile</name>
         <uninitialized>true</uninitialized>
         <run_address>0x7060</run_address>
         <size>0x10</size>
         <input_file_ref idref="fl-2"/>
      </object_component>
      <object_component id="oc-46">
         <name>XIntruptRegsFile</name>
         <uninitialized>true</uninitialized>
         <run_address>0x7070</run_address>
         <size>0x10</size>
         <input_file_ref idref="fl-2"/>
      </object_component>
      <object_component id="oc-54">
         <name>AdcRegsFile</name>
         <uninitialized>true</uninitialized>
         <run_address>0x7100</run_address>
         <size>0x50</size>
         <input_file_ref idref="fl-2"/>
      </object_component>
      <object_component id="oc-4e">
         <name>I2caRegsFile</name>
         <uninitialized>true</uninitialized>
         <run_address>0x7900</run_address>
         <size>0x22</size>
         <input_file_ref idref="fl-2"/>
      </object_component>
      <object_component id="oc-48">
         <name>Comp1RegsFile</name>
         <uninitialized>true</uninitialized>
         <run_address>0x6400</run_address>
         <size>0x11</size>
         <input_file_ref idref="fl-2"/>
      </object_component>
      <object_component id="oc-47">
         <name>Comp2RegsFile</name>
         <uninitialized>true</uninitialized>
         <run_address>0x6420</run_address>
         <size>0x11</size>
         <input_file_ref idref="fl-2"/>
      </object_component>
      <object_component id="oc-52">
         <name>EPwm1RegsFile</name>
         <uninitialized>true</uninitialized>
         <run_address>0x6800</run_address>
         <size>0x3a</size>
         <input_file_ref idref="fl-2"/>
      </object_component>
      <object_component id="oc-50">
         <name>EPwm2RegsFile</name>
         <uninitialized>true</uninitialized>
         <run_address>0x6840</run_address>
         <size>0x3a</size>
         <input_file_ref idref="fl-2"/>
      </object_component>
      <object_component id="oc-4f">
         <name>EPwm3RegsFile</name>
         <uninitialized>true</uninitialized>
         <run_address>0x6880</run_address>
         <size>0x3a</size>
         <input_file_ref idref="fl-2"/>
      </object_component>
      <object_component id="oc-51">
         <name>EPwm4RegsFile</name>
         <uninitialized>true</uninitialized>
         <run_address>0x68c0</run_address>
         <size>0x3a</size>
         <input_file_ref idref="fl-2"/>
      </object_component>
      <object_component id="oc-40">
         <name>CsmPwlFile</name>
         <uninitialized>true</uninitialized>
         <run_address>0x3f7ff8</run_address>
         <size>0x8</size>
         <input_file_ref idref="fl-2"/>
      </object_component>
      <object_component id="oc-36">
         <name>PartIdRegsFile</name>
         <uninitialized>true</uninitialized>
         <run_address>0x3d7fff</run_address>
         <size>0x1</size>
         <input_file_ref idref="fl-2"/>
      </object_component>
      <object_component id="oc-34">
         <name>.debug_info</name>
         <load_address>0x0</load_address>
         <run_address>0x0</run_address>
         <size>0xae46</size>
         <input_file_ref idref="fl-2"/>
      </object_component>
      <object_component id="oc-57">
         <name>.debug_info</name>
         <load_address>0xae46</load_address>
         <run_address>0xae46</run_address>
         <size>0x1aea</size>
         <input_file_ref idref="fl-3"/>
      </object_component>
      <object_component id="oc-5c">
         <name>.debug_info</name>
         <load_address>0xc930</load_address>
         <run_address>0xc930</run_address>
         <size>0x6385</size>
         <input_file_ref idref="fl-4"/>
      </object_component>
      <object_component id="oc-63">
         <name>.debug_info</name>
         <load_address>0x12cb5</load_address>
         <run_address>0x12cb5</run_address>
         <size>0x3e39</size>
         <input_file_ref idref="fl-5"/>
      </object_component>
      <object_component id="oc-6a">
         <name>.debug_info</name>
         <load_address>0x16aee</load_address>
         <run_address>0x16aee</run_address>
         <size>0x126</size>
         <input_file_ref idref="fl-6"/>
      </object_component>
      <object_component id="oc-6e">
         <name>.debug_info</name>
         <load_address>0x16c14</load_address>
         <run_address>0x16c14</run_address>
         <size>0x1371</size>
         <input_file_ref idref="fl-7"/>
      </object_component>
      <object_component id="oc-73">
         <name>.debug_info</name>
         <load_address>0x17f85</load_address>
         <run_address>0x17f85</run_address>
         <size>0x7a3</size>
         <input_file_ref idref="fl-8"/>
      </object_component>
      <object_component id="oc-7a">
         <name>.debug_info</name>
         <load_address>0x18728</load_address>
         <run_address>0x18728</run_address>
         <size>0xe6</size>
         <input_file_ref idref="fl-9"/>
      </object_component>
      <object_component id="oc-7e">
         <name>.debug_info</name>
         <load_address>0x1880e</load_address>
         <run_address>0x1880e</run_address>
         <size>0x17d5</size>
         <input_file_ref idref="fl-a"/>
      </object_component>
      <object_component id="oc-85">
         <name>.debug_info</name>
         <load_address>0x19fe3</load_address>
         <run_address>0x19fe3</run_address>
         <size>0xec</size>
         <input_file_ref idref="fl-b"/>
      </object_component>
      <object_component id="oc-89">
         <name>.debug_info</name>
         <load_address>0x1a0cf</load_address>
         <run_address>0x1a0cf</run_address>
         <size>0x1371</size>
         <input_file_ref idref="fl-c"/>
      </object_component>
      <object_component id="oc-8e">
         <name>.debug_info</name>
         <load_address>0x1b440</load_address>
         <run_address>0x1b440</run_address>
         <size>0x1711</size>
         <input_file_ref idref="fl-d"/>
      </object_component>
      <object_component id="oc-93">
         <name>.debug_info</name>
         <load_address>0x1cb51</load_address>
         <run_address>0x1cb51</run_address>
         <size>0x1371</size>
         <input_file_ref idref="fl-e"/>
      </object_component>
      <object_component id="oc-98">
         <name>.debug_info</name>
         <load_address>0x1dec2</load_address>
         <run_address>0x1dec2</run_address>
         <size>0x1370</size>
         <input_file_ref idref="fl-f"/>
      </object_component>
      <object_component id="oc-9d">
         <name>.debug_info</name>
         <load_address>0x1f232</load_address>
         <run_address>0x1f232</run_address>
         <size>0x2c8</size>
         <input_file_ref idref="fl-10"/>
      </object_component>
      <object_component id="oc-a2">
         <name>.debug_info</name>
         <load_address>0x1f4fa</load_address>
         <run_address>0x1f4fa</run_address>
         <size>0x10ee</size>
         <input_file_ref idref="fl-11"/>
      </object_component>
      <object_component id="oc-a7">
         <name>.debug_info</name>
         <load_address>0x205e8</load_address>
         <run_address>0x205e8</run_address>
         <size>0xab3</size>
         <input_file_ref idref="fl-12"/>
      </object_component>
      <object_component id="oc-ac">
         <name>.debug_info</name>
         <load_address>0x2109b</load_address>
         <run_address>0x2109b</run_address>
         <size>0x1e84</size>
         <input_file_ref idref="fl-13"/>
      </object_component>
      <object_component id="oc-b1">
         <name>.debug_info</name>
         <load_address>0x22f1f</load_address>
         <run_address>0x22f1f</run_address>
         <size>0x1370</size>
         <input_file_ref idref="fl-14"/>
      </object_component>
      <object_component id="oc-b6">
         <name>.debug_info</name>
         <load_address>0x2428f</load_address>
         <run_address>0x2428f</run_address>
         <size>0x1370</size>
         <input_file_ref idref="fl-15"/>
      </object_component>
      <object_component id="oc-bb">
         <name>.debug_info</name>
         <load_address>0x255ff</load_address>
         <run_address>0x255ff</run_address>
         <size>0x2f68</size>
         <input_file_ref idref="fl-16"/>
      </object_component>
      <object_component id="oc-c0">
         <name>.debug_info</name>
         <load_address>0x28567</load_address>
         <run_address>0x28567</run_address>
         <size>0x2d4</size>
         <input_file_ref idref="fl-17"/>
      </object_component>
      <object_component id="oc-c6">
         <name>.debug_info</name>
         <load_address>0x2883b</load_address>
         <run_address>0x2883b</run_address>
         <size>0xe8</size>
         <input_file_ref idref="fl-18"/>
      </object_component>
      <object_component id="oc-cc">
         <name>.debug_info</name>
         <load_address>0x28923</load_address>
         <run_address>0x28923</run_address>
         <size>0x16b</size>
         <input_file_ref idref="fl-29"/>
      </object_component>
      <object_component id="oc-d1">
         <name>.debug_info</name>
         <load_address>0x28a8e</load_address>
         <run_address>0x28a8e</run_address>
         <size>0x10c</size>
         <input_file_ref idref="fl-2a"/>
      </object_component>
      <object_component id="oc-d6">
         <name>.debug_info</name>
         <load_address>0x28b9a</load_address>
         <run_address>0x28b9a</run_address>
         <size>0x118</size>
         <input_file_ref idref="fl-2b"/>
      </object_component>
      <object_component id="oc-db">
         <name>.debug_info</name>
         <load_address>0x28cb2</load_address>
         <run_address>0x28cb2</run_address>
         <size>0x118</size>
         <input_file_ref idref="fl-2c"/>
      </object_component>
      <object_component id="oc-e0">
         <name>.debug_info</name>
         <load_address>0x28dca</load_address>
         <run_address>0x28dca</run_address>
         <size>0x139</size>
         <input_file_ref idref="fl-2d"/>
      </object_component>
      <object_component id="oc-e5">
         <name>.debug_info</name>
         <load_address>0x28f03</load_address>
         <run_address>0x28f03</run_address>
         <size>0x110</size>
         <input_file_ref idref="fl-2e"/>
      </object_component>
      <object_component id="oc-e9">
         <name>.debug_info</name>
         <load_address>0x29013</load_address>
         <run_address>0x29013</run_address>
         <size>0x4cd</size>
         <input_file_ref idref="fl-2f"/>
      </object_component>
      <object_component id="oc-ee">
         <name>.debug_info</name>
         <load_address>0x294e0</load_address>
         <run_address>0x294e0</run_address>
         <size>0x3c8</size>
         <input_file_ref idref="fl-30"/>
      </object_component>
      <object_component id="oc-f3">
         <name>.debug_info</name>
         <load_address>0x298a8</load_address>
         <run_address>0x298a8</run_address>
         <size>0x33b</size>
         <input_file_ref idref="fl-31"/>
      </object_component>
      <object_component id="oc-f8">
         <name>.debug_info</name>
         <load_address>0x29be3</load_address>
         <run_address>0x29be3</run_address>
         <size>0x338</size>
         <input_file_ref idref="fl-32"/>
      </object_component>
      <object_component id="oc-fd">
         <name>.debug_info</name>
         <load_address>0x29f1b</load_address>
         <run_address>0x29f1b</run_address>
         <size>0x4d2</size>
         <input_file_ref idref="fl-33"/>
      </object_component>
      <object_component id="oc-104">
         <name>.debug_info</name>
         <load_address>0x2a3ed</load_address>
         <run_address>0x2a3ed</run_address>
         <size>0x45a</size>
         <input_file_ref idref="fl-34"/>
      </object_component>
      <object_component id="oc-109">
         <name>.debug_info</name>
         <load_address>0x2a847</load_address>
         <run_address>0x2a847</run_address>
         <size>0x3f5</size>
         <input_file_ref idref="fl-35"/>
      </object_component>
      <object_component id="oc-15f">
         <name>.debug_info</name>
         <load_address>0x2ac3c</load_address>
         <run_address>0x2ac3c</run_address>
         <size>0x93</size>
      </object_component>
      <object_component id="oc-56">
         <name>.debug_abbrev</name>
         <load_address>0x0</load_address>
         <run_address>0x0</run_address>
         <size>0xb7</size>
         <input_file_ref idref="fl-2"/>
      </object_component>
      <object_component id="oc-5a">
         <name>.debug_abbrev</name>
         <load_address>0xb7</load_address>
         <run_address>0xb7</run_address>
         <size>0x11d</size>
         <input_file_ref idref="fl-3"/>
      </object_component>
      <object_component id="oc-61">
         <name>.debug_abbrev</name>
         <load_address>0x1d4</load_address>
         <run_address>0x1d4</run_address>
         <size>0x164</size>
         <input_file_ref idref="fl-4"/>
      </object_component>
      <object_component id="oc-66">
         <name>.debug_abbrev</name>
         <load_address>0x338</load_address>
         <run_address>0x338</run_address>
         <size>0x155</size>
         <input_file_ref idref="fl-5"/>
      </object_component>
      <object_component id="oc-6c">
         <name>.debug_abbrev</name>
         <load_address>0x48d</load_address>
         <run_address>0x48d</run_address>
         <size>0x21</size>
         <input_file_ref idref="fl-6"/>
      </object_component>
      <object_component id="oc-71">
         <name>.debug_abbrev</name>
         <load_address>0x4ae</load_address>
         <run_address>0x4ae</run_address>
         <size>0xea</size>
         <input_file_ref idref="fl-7"/>
      </object_component>
      <object_component id="oc-77">
         <name>.debug_abbrev</name>
         <load_address>0x598</load_address>
         <run_address>0x598</run_address>
         <size>0x112</size>
         <input_file_ref idref="fl-8"/>
      </object_component>
      <object_component id="oc-7c">
         <name>.debug_abbrev</name>
         <load_address>0x6aa</load_address>
         <run_address>0x6aa</run_address>
         <size>0x2f</size>
         <input_file_ref idref="fl-9"/>
      </object_component>
      <object_component id="oc-82">
         <name>.debug_abbrev</name>
         <load_address>0x6d9</load_address>
         <run_address>0x6d9</run_address>
         <size>0xde</size>
         <input_file_ref idref="fl-a"/>
      </object_component>
      <object_component id="oc-87">
         <name>.debug_abbrev</name>
         <load_address>0x7b7</load_address>
         <run_address>0x7b7</run_address>
         <size>0x2f</size>
         <input_file_ref idref="fl-b"/>
      </object_component>
      <object_component id="oc-8c">
         <name>.debug_abbrev</name>
         <load_address>0x7e6</load_address>
         <run_address>0x7e6</run_address>
         <size>0xdc</size>
         <input_file_ref idref="fl-c"/>
      </object_component>
      <object_component id="oc-91">
         <name>.debug_abbrev</name>
         <load_address>0x8c2</load_address>
         <run_address>0x8c2</run_address>
         <size>0xea</size>
         <input_file_ref idref="fl-d"/>
      </object_component>
      <object_component id="oc-96">
         <name>.debug_abbrev</name>
         <load_address>0x9ac</load_address>
         <run_address>0x9ac</run_address>
         <size>0xdc</size>
         <input_file_ref idref="fl-e"/>
      </object_component>
      <object_component id="oc-9b">
         <name>.debug_abbrev</name>
         <load_address>0xa88</load_address>
         <run_address>0xa88</run_address>
         <size>0xdc</size>
         <input_file_ref idref="fl-f"/>
      </object_component>
      <object_component id="oc-a0">
         <name>.debug_abbrev</name>
         <load_address>0xb64</load_address>
         <run_address>0xb64</run_address>
         <size>0xa3</size>
         <input_file_ref idref="fl-10"/>
      </object_component>
      <object_component id="oc-a5">
         <name>.debug_abbrev</name>
         <load_address>0xc07</load_address>
         <run_address>0xc07</run_address>
         <size>0x145</size>
         <input_file_ref idref="fl-11"/>
      </object_component>
      <object_component id="oc-aa">
         <name>.debug_abbrev</name>
         <load_address>0xd4c</load_address>
         <run_address>0xd4c</run_address>
         <size>0xc8</size>
         <input_file_ref idref="fl-12"/>
      </object_component>
      <object_component id="oc-af">
         <name>.debug_abbrev</name>
         <load_address>0xe14</load_address>
         <run_address>0xe14</run_address>
         <size>0x116</size>
         <input_file_ref idref="fl-13"/>
      </object_component>
      <object_component id="oc-b4">
         <name>.debug_abbrev</name>
         <load_address>0xf2a</load_address>
         <run_address>0xf2a</run_address>
         <size>0xdc</size>
         <input_file_ref idref="fl-14"/>
      </object_component>
      <object_component id="oc-b9">
         <name>.debug_abbrev</name>
         <load_address>0x1006</load_address>
         <run_address>0x1006</run_address>
         <size>0xdc</size>
         <input_file_ref idref="fl-15"/>
      </object_component>
      <object_component id="oc-be">
         <name>.debug_abbrev</name>
         <load_address>0x10e2</load_address>
         <run_address>0x10e2</run_address>
         <size>0x1aa</size>
         <input_file_ref idref="fl-16"/>
      </object_component>
      <object_component id="oc-c3">
         <name>.debug_abbrev</name>
         <load_address>0x128c</load_address>
         <run_address>0x128c</run_address>
         <size>0xab</size>
         <input_file_ref idref="fl-17"/>
      </object_component>
      <object_component id="oc-c8">
         <name>.debug_abbrev</name>
         <load_address>0x1337</load_address>
         <run_address>0x1337</run_address>
         <size>0x2f</size>
         <input_file_ref idref="fl-18"/>
      </object_component>
      <object_component id="oc-ce">
         <name>.debug_abbrev</name>
         <load_address>0x1366</load_address>
         <run_address>0x1366</run_address>
         <size>0x46</size>
         <input_file_ref idref="fl-29"/>
      </object_component>
      <object_component id="oc-d3">
         <name>.debug_abbrev</name>
         <load_address>0x13ac</load_address>
         <run_address>0x13ac</run_address>
         <size>0x38</size>
         <input_file_ref idref="fl-2a"/>
      </object_component>
      <object_component id="oc-d8">
         <name>.debug_abbrev</name>
         <load_address>0x13e4</load_address>
         <run_address>0x13e4</run_address>
         <size>0x38</size>
         <input_file_ref idref="fl-2b"/>
      </object_component>
      <object_component id="oc-dd">
         <name>.debug_abbrev</name>
         <load_address>0x141c</load_address>
         <run_address>0x141c</run_address>
         <size>0x38</size>
         <input_file_ref idref="fl-2c"/>
      </object_component>
      <object_component id="oc-e2">
         <name>.debug_abbrev</name>
         <load_address>0x1454</load_address>
         <run_address>0x1454</run_address>
         <size>0x38</size>
         <input_file_ref idref="fl-2d"/>
      </object_component>
      <object_component id="oc-e7">
         <name>.debug_abbrev</name>
         <load_address>0x148c</load_address>
         <run_address>0x148c</run_address>
         <size>0x38</size>
         <input_file_ref idref="fl-2e"/>
      </object_component>
      <object_component id="oc-ec">
         <name>.debug_abbrev</name>
         <load_address>0x14c4</load_address>
         <run_address>0x14c4</run_address>
         <size>0xe3</size>
         <input_file_ref idref="fl-2f"/>
      </object_component>
      <object_component id="oc-f1">
         <name>.debug_abbrev</name>
         <load_address>0x15a7</load_address>
         <run_address>0x15a7</run_address>
         <size>0xa8</size>
         <input_file_ref idref="fl-30"/>
      </object_component>
      <object_component id="oc-f6">
         <name>.debug_abbrev</name>
         <load_address>0x164f</load_address>
         <run_address>0x164f</run_address>
         <size>0x68</size>
         <input_file_ref idref="fl-31"/>
      </object_component>
      <object_component id="oc-fb">
         <name>.debug_abbrev</name>
         <load_address>0x16b7</load_address>
         <run_address>0x16b7</run_address>
         <size>0x66</size>
         <input_file_ref idref="fl-32"/>
      </object_component>
      <object_component id="oc-102">
         <name>.debug_abbrev</name>
         <load_address>0x171d</load_address>
         <run_address>0x171d</run_address>
         <size>0x130</size>
         <input_file_ref idref="fl-33"/>
      </object_component>
      <object_component id="oc-107">
         <name>.debug_abbrev</name>
         <load_address>0x184d</load_address>
         <run_address>0x184d</run_address>
         <size>0xb2</size>
         <input_file_ref idref="fl-34"/>
      </object_component>
      <object_component id="oc-10c">
         <name>.debug_abbrev</name>
         <load_address>0x18ff</load_address>
         <run_address>0x18ff</run_address>
         <size>0xee</size>
         <input_file_ref idref="fl-35"/>
      </object_component>
      <object_component id="oc-160">
         <name>.debug_abbrev</name>
         <load_address>0x19ed</load_address>
         <run_address>0x19ed</run_address>
         <size>0xf</size>
      </object_component>
      <object_component id="oc-58">
         <name>.debug_frame</name>
         <load_address>0x0</load_address>
         <run_address>0x0</run_address>
         <size>0xe0</size>
         <input_file_ref idref="fl-3"/>
      </object_component>
      <object_component id="oc-5f">
         <name>.debug_frame</name>
         <load_address>0xe0</load_address>
         <run_address>0xe0</run_address>
         <size>0xa8</size>
         <input_file_ref idref="fl-4"/>
      </object_component>
      <object_component id="oc-64">
         <name>.debug_frame</name>
         <load_address>0x188</load_address>
         <run_address>0x188</run_address>
         <size>0x98</size>
         <input_file_ref idref="fl-5"/>
      </object_component>
      <object_component id="oc-6f">
         <name>.debug_frame</name>
         <load_address>0x220</load_address>
         <run_address>0x220</run_address>
         <size>0x20</size>
         <input_file_ref idref="fl-7"/>
      </object_component>
      <object_component id="oc-75">
         <name>.debug_frame</name>
         <load_address>0x240</load_address>
         <run_address>0x240</run_address>
         <size>0x20</size>
         <input_file_ref idref="fl-8"/>
      </object_component>
      <object_component id="oc-80">
         <name>.debug_frame</name>
         <load_address>0x260</load_address>
         <run_address>0x260</run_address>
         <size>0x4e8</size>
         <input_file_ref idref="fl-a"/>
      </object_component>
      <object_component id="oc-8a">
         <name>.debug_frame</name>
         <load_address>0x748</load_address>
         <run_address>0x748</run_address>
         <size>0x20</size>
         <input_file_ref idref="fl-c"/>
      </object_component>
      <object_component id="oc-8f">
         <name>.debug_frame</name>
         <load_address>0x768</load_address>
         <run_address>0x768</run_address>
         <size>0xe0</size>
         <input_file_ref idref="fl-d"/>
      </object_component>
      <object_component id="oc-94">
         <name>.debug_frame</name>
         <load_address>0x848</load_address>
         <run_address>0x848</run_address>
         <size>0x20</size>
         <input_file_ref idref="fl-e"/>
      </object_component>
      <object_component id="oc-99">
         <name>.debug_frame</name>
         <load_address>0x868</load_address>
         <run_address>0x868</run_address>
         <size>0x20</size>
         <input_file_ref idref="fl-f"/>
      </object_component>
      <object_component id="oc-9e">
         <name>.debug_frame</name>
         <load_address>0x888</load_address>
         <run_address>0x888</run_address>
         <size>0x20</size>
         <input_file_ref idref="fl-10"/>
      </object_component>
      <object_component id="oc-a3">
         <name>.debug_frame</name>
         <load_address>0x8a8</load_address>
         <run_address>0x8a8</run_address>
         <size>0x20</size>
         <input_file_ref idref="fl-11"/>
      </object_component>
      <object_component id="oc-a8">
         <name>.debug_frame</name>
         <load_address>0x8c8</load_address>
         <run_address>0x8c8</run_address>
         <size>0x50</size>
         <input_file_ref idref="fl-12"/>
      </object_component>
      <object_component id="oc-ad">
         <name>.debug_frame</name>
         <load_address>0x918</load_address>
         <run_address>0x918</run_address>
         <size>0x38</size>
         <input_file_ref idref="fl-13"/>
      </object_component>
      <object_component id="oc-b2">
         <name>.debug_frame</name>
         <load_address>0x950</load_address>
         <run_address>0x950</run_address>
         <size>0x20</size>
         <input_file_ref idref="fl-14"/>
      </object_component>
      <object_component id="oc-b7">
         <name>.debug_frame</name>
         <load_address>0x970</load_address>
         <run_address>0x970</run_address>
         <size>0x20</size>
         <input_file_ref idref="fl-15"/>
      </object_component>
      <object_component id="oc-bc">
         <name>.debug_frame</name>
         <load_address>0x990</load_address>
         <run_address>0x990</run_address>
         <size>0x12c</size>
         <input_file_ref idref="fl-16"/>
      </object_component>
      <object_component id="oc-c1">
         <name>.debug_frame</name>
         <load_address>0xabc</load_address>
         <run_address>0xabc</run_address>
         <size>0x20</size>
         <input_file_ref idref="fl-17"/>
      </object_component>
      <object_component id="oc-ea">
         <name>.debug_frame</name>
         <load_address>0xadc</load_address>
         <run_address>0xadc</run_address>
         <size>0x58</size>
         <input_file_ref idref="fl-2f"/>
      </object_component>
      <object_component id="oc-ef">
         <name>.debug_frame</name>
         <load_address>0xb34</load_address>
         <run_address>0xb34</run_address>
         <size>0x38</size>
         <input_file_ref idref="fl-30"/>
      </object_component>
      <object_component id="oc-f4">
         <name>.debug_frame</name>
         <load_address>0xb6c</load_address>
         <run_address>0xb6c</run_address>
         <size>0x38</size>
         <input_file_ref idref="fl-31"/>
      </object_component>
      <object_component id="oc-f9">
         <name>.debug_frame</name>
         <load_address>0xba4</load_address>
         <run_address>0xba4</run_address>
         <size>0x38</size>
         <input_file_ref idref="fl-32"/>
      </object_component>
      <object_component id="oc-100">
         <name>.debug_frame</name>
         <load_address>0xbdc</load_address>
         <run_address>0xbdc</run_address>
         <size>0x58</size>
         <input_file_ref idref="fl-33"/>
      </object_component>
      <object_component id="oc-105">
         <name>.debug_frame</name>
         <load_address>0xc34</load_address>
         <run_address>0xc34</run_address>
         <size>0x68</size>
         <input_file_ref idref="fl-34"/>
      </object_component>
      <object_component id="oc-10a">
         <name>.debug_frame</name>
         <load_address>0xc9c</load_address>
         <run_address>0xc9c</run_address>
         <size>0x38</size>
         <input_file_ref idref="fl-35"/>
      </object_component>
      <object_component id="oc-59">
         <name>.debug_line</name>
         <load_address>0x0</load_address>
         <run_address>0x0</run_address>
         <size>0x10f</size>
         <input_file_ref idref="fl-3"/>
      </object_component>
      <object_component id="oc-60">
         <name>.debug_line</name>
         <load_address>0x10f</load_address>
         <run_address>0x10f</run_address>
         <size>0xc1</size>
         <input_file_ref idref="fl-4"/>
      </object_component>
      <object_component id="oc-65">
         <name>.debug_line</name>
         <load_address>0x1d0</load_address>
         <run_address>0x1d0</run_address>
         <size>0x1e9</size>
         <input_file_ref idref="fl-5"/>
      </object_component>
      <object_component id="oc-6b">
         <name>.debug_line</name>
         <load_address>0x3b9</load_address>
         <run_address>0x3b9</run_address>
         <size>0x68</size>
         <input_file_ref idref="fl-6"/>
      </object_component>
      <object_component id="oc-70">
         <name>.debug_line</name>
         <load_address>0x421</load_address>
         <run_address>0x421</run_address>
         <size>0x3a</size>
         <input_file_ref idref="fl-7"/>
      </object_component>
      <object_component id="oc-76">
         <name>.debug_line</name>
         <load_address>0x45b</load_address>
         <run_address>0x45b</run_address>
         <size>0x3f</size>
         <input_file_ref idref="fl-8"/>
      </object_component>
      <object_component id="oc-7b">
         <name>.debug_line</name>
         <load_address>0x49a</load_address>
         <run_address>0x49a</run_address>
         <size>0x4e</size>
         <input_file_ref idref="fl-9"/>
      </object_component>
      <object_component id="oc-81">
         <name>.debug_line</name>
         <load_address>0x4e8</load_address>
         <run_address>0x4e8</run_address>
         <size>0x497</size>
         <input_file_ref idref="fl-a"/>
      </object_component>
      <object_component id="oc-86">
         <name>.debug_line</name>
         <load_address>0x97f</load_address>
         <run_address>0x97f</run_address>
         <size>0x52</size>
         <input_file_ref idref="fl-b"/>
      </object_component>
      <object_component id="oc-8b">
         <name>.debug_line</name>
         <load_address>0x9d1</load_address>
         <run_address>0x9d1</run_address>
         <size>0x3a</size>
         <input_file_ref idref="fl-c"/>
      </object_component>
      <object_component id="oc-90">
         <name>.debug_line</name>
         <load_address>0xa0b</load_address>
         <run_address>0xa0b</run_address>
         <size>0xff</size>
         <input_file_ref idref="fl-d"/>
      </object_component>
      <object_component id="oc-95">
         <name>.debug_line</name>
         <load_address>0xb0a</load_address>
         <run_address>0xb0a</run_address>
         <size>0x3a</size>
         <input_file_ref idref="fl-e"/>
      </object_component>
      <object_component id="oc-9a">
         <name>.debug_line</name>
         <load_address>0xb44</load_address>
         <run_address>0xb44</run_address>
         <size>0x39</size>
         <input_file_ref idref="fl-f"/>
      </object_component>
      <object_component id="oc-9f">
         <name>.debug_line</name>
         <load_address>0xb7d</load_address>
         <run_address>0xb7d</run_address>
         <size>0x3d</size>
         <input_file_ref idref="fl-10"/>
      </object_component>
      <object_component id="oc-a4">
         <name>.debug_line</name>
         <load_address>0xbba</load_address>
         <run_address>0xbba</run_address>
         <size>0x3d</size>
         <input_file_ref idref="fl-11"/>
      </object_component>
      <object_component id="oc-a9">
         <name>.debug_line</name>
         <load_address>0xbf7</load_address>
         <run_address>0xbf7</run_address>
         <size>0x83</size>
         <input_file_ref idref="fl-12"/>
      </object_component>
      <object_component id="oc-ae">
         <name>.debug_line</name>
         <load_address>0xc7a</load_address>
         <run_address>0xc7a</run_address>
         <size>0x5d</size>
         <input_file_ref idref="fl-13"/>
      </object_component>
      <object_component id="oc-b3">
         <name>.debug_line</name>
         <load_address>0xcd7</load_address>
         <run_address>0xcd7</run_address>
         <size>0x39</size>
         <input_file_ref idref="fl-14"/>
      </object_component>
      <object_component id="oc-b8">
         <name>.debug_line</name>
         <load_address>0xd10</load_address>
         <run_address>0xd10</run_address>
         <size>0x39</size>
         <input_file_ref idref="fl-15"/>
      </object_component>
      <object_component id="oc-bd">
         <name>.debug_line</name>
         <load_address>0xd49</load_address>
         <run_address>0xd49</run_address>
         <size>0x1bd</size>
         <input_file_ref idref="fl-16"/>
      </object_component>
      <object_component id="oc-c2">
         <name>.debug_line</name>
         <load_address>0xf06</load_address>
         <run_address>0xf06</run_address>
         <size>0x44</size>
         <input_file_ref idref="fl-17"/>
      </object_component>
      <object_component id="oc-c7">
         <name>.debug_line</name>
         <load_address>0xf4a</load_address>
         <run_address>0xf4a</run_address>
         <size>0x4f</size>
         <input_file_ref idref="fl-18"/>
      </object_component>
      <object_component id="oc-cd">
         <name>.debug_line</name>
         <load_address>0xf99</load_address>
         <run_address>0xf99</run_address>
         <size>0x7d</size>
         <input_file_ref idref="fl-29"/>
      </object_component>
      <object_component id="oc-d2">
         <name>.debug_line</name>
         <load_address>0x1016</load_address>
         <run_address>0x1016</run_address>
         <size>0x8d</size>
         <input_file_ref idref="fl-2a"/>
      </object_component>
      <object_component id="oc-d7">
         <name>.debug_line</name>
         <load_address>0x10a3</load_address>
         <run_address>0x10a3</run_address>
         <size>0x5e</size>
         <input_file_ref idref="fl-2b"/>
      </object_component>
      <object_component id="oc-dc">
         <name>.debug_line</name>
         <load_address>0x1101</load_address>
         <run_address>0x1101</run_address>
         <size>0x60</size>
         <input_file_ref idref="fl-2c"/>
      </object_component>
      <object_component id="oc-e1">
         <name>.debug_line</name>
         <load_address>0x1161</load_address>
         <run_address>0x1161</run_address>
         <size>0x69</size>
         <input_file_ref idref="fl-2d"/>
      </object_component>
      <object_component id="oc-e6">
         <name>.debug_line</name>
         <load_address>0x11ca</load_address>
         <run_address>0x11ca</run_address>
         <size>0x49</size>
         <input_file_ref idref="fl-2e"/>
      </object_component>
      <object_component id="oc-eb">
         <name>.debug_line</name>
         <load_address>0x1213</load_address>
         <run_address>0x1213</run_address>
         <size>0x50</size>
         <input_file_ref idref="fl-2f"/>
      </object_component>
      <object_component id="oc-f0">
         <name>.debug_line</name>
         <load_address>0x1263</load_address>
         <run_address>0x1263</run_address>
         <size>0x62</size>
         <input_file_ref idref="fl-30"/>
      </object_component>
      <object_component id="oc-f5">
         <name>.debug_line</name>
         <load_address>0x12c5</load_address>
         <run_address>0x12c5</run_address>
         <size>0x3e</size>
         <input_file_ref idref="fl-31"/>
      </object_component>
      <object_component id="oc-fa">
         <name>.debug_line</name>
         <load_address>0x1303</load_address>
         <run_address>0x1303</run_address>
         <size>0x3a</size>
         <input_file_ref idref="fl-32"/>
      </object_component>
      <object_component id="oc-101">
         <name>.debug_line</name>
         <load_address>0x133d</load_address>
         <run_address>0x133d</run_address>
         <size>0x65</size>
         <input_file_ref idref="fl-33"/>
      </object_component>
      <object_component id="oc-106">
         <name>.debug_line</name>
         <load_address>0x13a2</load_address>
         <run_address>0x13a2</run_address>
         <size>0x5e</size>
         <input_file_ref idref="fl-34"/>
      </object_component>
      <object_component id="oc-10b">
         <name>.debug_line</name>
         <load_address>0x1400</load_address>
         <run_address>0x1400</run_address>
         <size>0x55</size>
         <input_file_ref idref="fl-35"/>
      </object_component>
      <object_component id="oc-5b">
         <name>.debug_aranges</name>
         <load_address>0x0</load_address>
         <run_address>0x0</run_address>
         <size>0x50</size>
         <input_file_ref idref="fl-3"/>
      </object_component>
      <object_component id="oc-62">
         <name>.debug_aranges</name>
         <load_address>0x50</load_address>
         <run_address>0x50</run_address>
         <size>0x30</size>
         <input_file_ref idref="fl-4"/>
      </object_component>
      <object_component id="oc-67">
         <name>.debug_aranges</name>
         <load_address>0x80</load_address>
         <run_address>0x80</run_address>
         <size>0x40</size>
         <input_file_ref idref="fl-5"/>
      </object_component>
      <object_component id="oc-6d">
         <name>.debug_aranges</name>
         <load_address>0xc0</load_address>
         <run_address>0xc0</run_address>
         <size>0x28</size>
         <input_file_ref idref="fl-6"/>
      </object_component>
      <object_component id="oc-72">
         <name>.debug_aranges</name>
         <load_address>0xe8</load_address>
         <run_address>0xe8</run_address>
         <size>0x18</size>
         <input_file_ref idref="fl-7"/>
      </object_component>
      <object_component id="oc-78">
         <name>.debug_aranges</name>
         <load_address>0x100</load_address>
         <run_address>0x100</run_address>
         <size>0x18</size>
         <input_file_ref idref="fl-8"/>
      </object_component>
      <object_component id="oc-7d">
         <name>.debug_aranges</name>
         <load_address>0x118</load_address>
         <run_address>0x118</run_address>
         <size>0x20</size>
         <input_file_ref idref="fl-9"/>
      </object_component>
      <object_component id="oc-83">
         <name>.debug_aranges</name>
         <load_address>0x138</load_address>
         <run_address>0x138</run_address>
         <size>0x1b0</size>
         <input_file_ref idref="fl-a"/>
      </object_component>
      <object_component id="oc-88">
         <name>.debug_aranges</name>
         <load_address>0x2e8</load_address>
         <run_address>0x2e8</run_address>
         <size>0x20</size>
         <input_file_ref idref="fl-b"/>
      </object_component>
      <object_component id="oc-8d">
         <name>.debug_aranges</name>
         <load_address>0x308</load_address>
         <run_address>0x308</run_address>
         <size>0x18</size>
         <input_file_ref idref="fl-c"/>
      </object_component>
      <object_component id="oc-92">
         <name>.debug_aranges</name>
         <load_address>0x320</load_address>
         <run_address>0x320</run_address>
         <size>0x58</size>
         <input_file_ref idref="fl-d"/>
      </object_component>
      <object_component id="oc-97">
         <name>.debug_aranges</name>
         <load_address>0x378</load_address>
         <run_address>0x378</run_address>
         <size>0x18</size>
         <input_file_ref idref="fl-e"/>
      </object_component>
      <object_component id="oc-9c">
         <name>.debug_aranges</name>
         <load_address>0x390</load_address>
         <run_address>0x390</run_address>
         <size>0x18</size>
         <input_file_ref idref="fl-f"/>
      </object_component>
      <object_component id="oc-a1">
         <name>.debug_aranges</name>
         <load_address>0x3a8</load_address>
         <run_address>0x3a8</run_address>
         <size>0x18</size>
         <input_file_ref idref="fl-10"/>
      </object_component>
      <object_component id="oc-a6">
         <name>.debug_aranges</name>
         <load_address>0x3c0</load_address>
         <run_address>0x3c0</run_address>
         <size>0x18</size>
         <input_file_ref idref="fl-11"/>
      </object_component>
      <object_component id="oc-ab">
         <name>.debug_aranges</name>
         <load_address>0x3d8</load_address>
         <run_address>0x3d8</run_address>
         <size>0x28</size>
         <input_file_ref idref="fl-12"/>
      </object_component>
      <object_component id="oc-b0">
         <name>.debug_aranges</name>
         <load_address>0x400</load_address>
         <run_address>0x400</run_address>
         <size>0x20</size>
         <input_file_ref idref="fl-13"/>
      </object_component>
      <object_component id="oc-b5">
         <name>.debug_aranges</name>
         <load_address>0x420</load_address>
         <run_address>0x420</run_address>
         <size>0x18</size>
         <input_file_ref idref="fl-14"/>
      </object_component>
      <object_component id="oc-ba">
         <name>.debug_aranges</name>
         <load_address>0x438</load_address>
         <run_address>0x438</run_address>
         <size>0x18</size>
         <input_file_ref idref="fl-15"/>
      </object_component>
      <object_component id="oc-bf">
         <name>.debug_aranges</name>
         <load_address>0x450</load_address>
         <run_address>0x450</run_address>
         <size>0x70</size>
         <input_file_ref idref="fl-16"/>
      </object_component>
      <object_component id="oc-c4">
         <name>.debug_aranges</name>
         <load_address>0x4c0</load_address>
         <run_address>0x4c0</run_address>
         <size>0x18</size>
         <input_file_ref idref="fl-17"/>
      </object_component>
      <object_component id="oc-c9">
         <name>.debug_aranges</name>
         <load_address>0x4d8</load_address>
         <run_address>0x4d8</run_address>
         <size>0x20</size>
         <input_file_ref idref="fl-18"/>
      </object_component>
      <object_component id="oc-cf">
         <name>.debug_aranges</name>
         <load_address>0x4f8</load_address>
         <run_address>0x4f8</run_address>
         <size>0x20</size>
         <input_file_ref idref="fl-29"/>
      </object_component>
      <object_component id="oc-d4">
         <name>.debug_aranges</name>
         <load_address>0x518</load_address>
         <run_address>0x518</run_address>
         <size>0x20</size>
         <input_file_ref idref="fl-2a"/>
      </object_component>
      <object_component id="oc-d9">
         <name>.debug_aranges</name>
         <load_address>0x538</load_address>
         <run_address>0x538</run_address>
         <size>0x20</size>
         <input_file_ref idref="fl-2b"/>
      </object_component>
      <object_component id="oc-de">
         <name>.debug_aranges</name>
         <load_address>0x558</load_address>
         <run_address>0x558</run_address>
         <size>0x20</size>
         <input_file_ref idref="fl-2c"/>
      </object_component>
      <object_component id="oc-e3">
         <name>.debug_aranges</name>
         <load_address>0x578</load_address>
         <run_address>0x578</run_address>
         <size>0x28</size>
         <input_file_ref idref="fl-2d"/>
      </object_component>
      <object_component id="oc-e8">
         <name>.debug_aranges</name>
         <load_address>0x5a0</load_address>
         <run_address>0x5a0</run_address>
         <size>0x20</size>
         <input_file_ref idref="fl-2e"/>
      </object_component>
      <object_component id="oc-ed">
         <name>.debug_aranges</name>
         <load_address>0x5c0</load_address>
         <run_address>0x5c0</run_address>
         <size>0x20</size>
         <input_file_ref idref="fl-2f"/>
      </object_component>
      <object_component id="oc-f2">
         <name>.debug_aranges</name>
         <load_address>0x5e0</load_address>
         <run_address>0x5e0</run_address>
         <size>0x20</size>
         <input_file_ref idref="fl-30"/>
      </object_component>
      <object_component id="oc-f7">
         <name>.debug_aranges</name>
         <load_address>0x600</load_address>
         <run_address>0x600</run_address>
         <size>0x20</size>
         <input_file_ref idref="fl-31"/>
      </object_component>
      <object_component id="oc-fc">
         <name>.debug_aranges</name>
         <load_address>0x620</load_address>
         <run_address>0x620</run_address>
         <size>0x20</size>
         <input_file_ref idref="fl-32"/>
      </object_component>
      <object_component id="oc-103">
         <name>.debug_aranges</name>
         <load_address>0x640</load_address>
         <run_address>0x640</run_address>
         <size>0x28</size>
         <input_file_ref idref="fl-33"/>
      </object_component>
      <object_component id="oc-108">
         <name>.debug_aranges</name>
         <load_address>0x668</load_address>
         <run_address>0x668</run_address>
         <size>0x30</size>
         <input_file_ref idref="fl-34"/>
      </object_component>
      <object_component id="oc-10d">
         <name>.debug_aranges</name>
         <load_address>0x698</load_address>
         <run_address>0x698</run_address>
         <size>0x20</size>
         <input_file_ref idref="fl-35"/>
      </object_component>
      <object_component id="oc-c5">
         <name>ramfuncs</name>
         <load_address>0x6a</load_address>
         <run_address>0x6a</run_address>
         <size>0x4</size>
         <input_file_ref idref="fl-18"/>
      </object_component>
   </object_component_list>
   <logical_group_list>
      <logical_group id="lg-2" display="no" color="cyan">
         <name>codestart</name>
         <load_address>0x0</load_address>
         <run_address>0x0</run_address>
         <size>0x2</size>
         <contents>
            <object_component_ref idref="oc-69"/>
         </contents>
      </logical_group>
      <logical_group id="lg-3" display="no" color="cyan">
         <name>.TI.ramfunc</name>
         <run_address>0x0</run_address>
         <size>0x0</size>
         <contents>
         </contents>
      </logical_group>
      <logical_group id="lg-4" display="no" color="cyan">
         <name>.text</name>
         <load_address>0x8000</load_address>
         <run_address>0x8000</run_address>
         <size>0x845</size>
         <contents>
            <object_component_ref idref="oc-11d"/>
            <object_component_ref idref="oc-119"/>
            <object_component_ref idref="oc-7f"/>
            <object_component_ref idref="oc-113"/>
            <object_component_ref idref="oc-115"/>
            <object_component_ref idref="oc-11a"/>
            <object_component_ref idref="oc-d0"/>
            <object_component_ref idref="oc-33"/>
            <object_component_ref idref="oc-5e"/>
            <object_component_ref idref="oc-112"/>
            <object_component_ref idref="oc-da"/>
            <object_component_ref idref="oc-11b"/>
            <object_component_ref idref="oc-d5"/>
            <object_component_ref idref="oc-10f"/>
            <object_component_ref idref="oc-df"/>
            <object_component_ref idref="oc-114"/>
            <object_component_ref idref="oc-111"/>
            <object_component_ref idref="oc-11c"/>
            <object_component_ref idref="oc-e4"/>
            <object_component_ref idref="oc-11e"/>
            <object_component_ref idref="oc-68"/>
            <object_component_ref idref="oc-84"/>
            <object_component_ref idref="oc-79"/>
            <object_component_ref idref="oc-10e"/>
            <object_component_ref idref="oc-110"/>
         </contents>
      </logical_group>
      <logical_group id="lg-5" display="no" color="cyan">
         <name>.cinit</name>
         <load_address>0x50</load_address>
         <run_address>0x50</run_address>
         <size>0x1a</size>
         <contents>
            <object_component_ref idref="oc-fe"/>
            <object_component_ref idref="oc-117"/>
            <object_component_ref idref="oc-11f"/>
         </contents>
      </logical_group>
      <logical_group id="lg-6" display="no" color="cyan">
         <name>.pinit</name>
         <run_address>0x0</run_address>
         <size>0x0</size>
         <contents>
         </contents>
      </logical_group>
      <logical_group id="lg-7" display="no" color="cyan">
         <name>.switch</name>
         <run_address>0x0</run_address>
         <size>0x0</size>
         <contents>
         </contents>
      </logical_group>
      <logical_group id="lg-8" display="no" color="cyan">
         <name>.reset</name>
         <load_address>0x3fffc0</load_address>
         <run_address>0x3fffc0</run_address>
         <size>0x2</size>
         <contents>
            <object_component_ref idref="oc-cb"/>
         </contents>
      </logical_group>
      <logical_group id="lg-9" display="no" color="cyan">
         <name>.stack</name>
         <run_address>0x400</run_address>
         <size>0x300</size>
         <contents>
            <object_component_ref idref="oc-ca"/>
            <object_component_ref idref="oc-15e"/>
         </contents>
      </logical_group>
      <logical_group id="lg-a" display="no" color="cyan">
         <name>.ebss</name>
         <run_address>0x8a0c</run_address>
         <size>0x30</size>
         <contents>
            <object_component_ref idref="oc-5d"/>
            <object_component_ref idref="oc-74"/>
            <object_component_ref idref="oc-ff"/>
            <object_component_ref idref="oc-121"/>
            <object_component_ref idref="oc-116"/>
         </contents>
      </logical_group>
      <logical_group id="lg-b" display="no" color="cyan">
         <name>.econst</name>
         <load_address>0x8900</load_address>
         <run_address>0x8900</run_address>
         <size>0x10b</size>
         <contents>
            <object_component_ref idref="oc-120"/>
            <object_component_ref idref="oc-118"/>
         </contents>
      </logical_group>
      <logical_group id="lg-c" display="no" color="cyan">
         <name>.esysmem</name>
         <run_address>0x0</run_address>
         <size>0x0</size>
         <contents>
         </contents>
      </logical_group>
      <logical_group id="lg-d" display="no" color="cyan">
         <name>IQmath</name>
         <run_address>0x0</run_address>
         <size>0x0</size>
         <contents>
         </contents>
      </logical_group>
      <logical_group id="lg-e" display="no" color="cyan">
         <name>IQmathTables</name>
         <run_address>0x0</run_address>
         <size>0x0</size>
         <contents>
         </contents>
      </logical_group>
      <logical_group id="lg-10" display="no" color="cyan">
         <name>PieVectTableFile</name>
         <run_address>0xd00</run_address>
         <size>0x100</size>
         <contents>
            <object_component_ref idref="oc-55"/>
         </contents>
      </logical_group>
      <logical_group id="lg-12" display="no" color="cyan">
         <name>EmuKeyVar</name>
         <run_address>0xd00</run_address>
         <size>0x1</size>
         <contents>
            <object_component_ref idref="oc-35"/>
         </contents>
      </logical_group>
      <logical_group id="lg-13" display="no" color="cyan">
         <name>EmuBModeVar</name>
         <run_address>0xd01</run_address>
         <size>0x1</size>
         <contents>
            <object_component_ref idref="oc-37"/>
         </contents>
      </logical_group>
      <logical_group id="lg-14" display="no" color="cyan">
         <name>FlashCallbackVar</name>
         <run_address>0xd02</run_address>
         <size>0x2</size>
         <contents>
            <object_component_ref idref="oc-39"/>
         </contents>
      </logical_group>
      <logical_group id="lg-15" display="no" color="cyan">
         <name>FlashScalingVar</name>
         <run_address>0xd04</run_address>
         <size>0x2</size>
         <contents>
            <object_component_ref idref="oc-38"/>
         </contents>
      </logical_group>
      <logical_group id="lg-11" display="no" color="cyan">
         <name>GROUP_2</name>
         <run_address>0xd00</run_address>
         <size>0x6</size>
         <contents>
            <logical_group_ref idref="lg-12"/>
            <logical_group_ref idref="lg-13"/>
            <logical_group_ref idref="lg-14"/>
            <logical_group_ref idref="lg-15"/>
         </contents>
      </logical_group>
      <overlay id="lg-f" display="no" color="cyan">
         <name>UNION_1</name>
         <run_address>0xd00</run_address>
         <size>0x100</size>
         <contents>
            <logical_group_ref idref="lg-10"/>
            <logical_group_ref idref="lg-11"/>
         </contents>
      </overlay>
      <logical_group id="lg-16" display="no" color="cyan">
         <name>DevEmuRegsFile</name>
         <run_address>0x880</run_address>
         <size>0x4</size>
         <contents>
            <object_component_ref idref="oc-3b"/>
         </contents>
      </logical_group>
      <logical_group id="lg-17" display="no" color="cyan">
         <name>SysPwrCtrlRegsFile</name>
         <run_address>0x985</run_address>
         <size>0x3</size>
         <contents>
            <object_component_ref idref="oc-3a"/>
         </contents>
      </logical_group>
      <logical_group id="lg-18" display="no" color="cyan">
         <name>FlashRegsFile</name>
         <run_address>0xa80</run_address>
         <size>0x8</size>
         <contents>
            <object_component_ref idref="oc-3c"/>
         </contents>
      </logical_group>
      <logical_group id="lg-19" display="no" color="cyan">
         <name>CsmRegsFile</name>
         <run_address>0xae0</run_address>
         <size>0x10</size>
         <contents>
            <object_component_ref idref="oc-45"/>
         </contents>
      </logical_group>
      <logical_group id="lg-1a" display="no" color="cyan">
         <name>AdcResultFile</name>
         <run_address>0xb00</run_address>
         <size>0x20</size>
         <contents>
            <object_component_ref idref="oc-4d"/>
         </contents>
      </logical_group>
      <logical_group id="lg-1b" display="no" color="cyan">
         <name>CpuTimer0RegsFile</name>
         <run_address>0xc00</run_address>
         <size>0x8</size>
         <contents>
            <object_component_ref idref="oc-3d"/>
         </contents>
      </logical_group>
      <logical_group id="lg-1c" display="no" color="cyan">
         <name>CpuTimer1RegsFile</name>
         <run_address>0xc08</run_address>
         <size>0x8</size>
         <contents>
            <object_component_ref idref="oc-3e"/>
         </contents>
      </logical_group>
      <logical_group id="lg-1d" display="no" color="cyan">
         <name>CpuTimer2RegsFile</name>
         <run_address>0xc10</run_address>
         <size>0x8</size>
         <contents>
            <object_component_ref idref="oc-3f"/>
         </contents>
      </logical_group>
      <logical_group id="lg-1e" display="no" color="cyan">
         <name>PieCtrlRegsFile</name>
         <run_address>0xce0</run_address>
         <size>0x1a</size>
         <contents>
            <object_component_ref idref="oc-49"/>
         </contents>
      </logical_group>
      <logical_group id="lg-1f" display="no" color="cyan">
         <name>ECap1RegsFile</name>
         <run_address>0x6a00</run_address>
         <size>0x20</size>
         <contents>
            <object_component_ref idref="oc-4c"/>
         </contents>
      </logical_group>
      <logical_group id="lg-20" display="no" color="cyan">
         <name>GpioCtrlRegsFile</name>
         <run_address>0x6f80</run_address>
         <size>0x40</size>
         <contents>
            <object_component_ref idref="oc-53"/>
         </contents>
      </logical_group>
      <logical_group id="lg-21" display="no" color="cyan">
         <name>GpioDataRegsFile</name>
         <run_address>0x6fc0</run_address>
         <size>0x20</size>
         <contents>
            <object_component_ref idref="oc-4b"/>
         </contents>
      </logical_group>
      <logical_group id="lg-22" display="no" color="cyan">
         <name>GpioIntRegsFile</name>
         <run_address>0x6fe0</run_address>
         <size>0xa</size>
         <contents>
            <object_component_ref idref="oc-41"/>
         </contents>
      </logical_group>
      <logical_group id="lg-23" display="no" color="cyan">
         <name>SysCtrlRegsFile</name>
         <run_address>0x7010</run_address>
         <size>0x1f</size>
         <contents>
            <object_component_ref idref="oc-4a"/>
         </contents>
[...]
         <object_component_ref idref="oc-113"/>
      </symbol>
      <symbol id="sm-f8">
         <name>_TM1638_WriteLED</name>
         <value>0x8414</value>
         <object_component_ref idref="oc-113"/>
      </symbol>
      <symbol id="sm-f9">
         <name>_TM1638_Write_Byte</name>
         <value>0x83f6</value>
         <object_component_ref idref="oc-113"/>
      </symbol>
      <symbol id="sm-fa">
         <name>_LED_Show</name>
         <value>0x8463</value>
         <object_component_ref idref="oc-113"/>
      </symbol>
      <symbol id="sm-10b">
         <name>_EPwm1TimerIntCount</name>
         <value>0x8a2c</value>
         <object_component_ref idref="oc-5d"/>
      </symbol>
      <symbol id="sm-10c">
         <name>_main</name>
         <value>0x84f6</value>
         <object_component_ref idref="oc-115"/>
      </symbol>
      <symbol id="sm-10d">
         <name>_EPwm3TimerIntCount</name>
         <value>0x8a2e</value>
         <object_component_ref idref="oc-5d"/>
      </symbol>
      <symbol id="sm-10e">
         <name>_Vol2</name>
         <value>0x8a25</value>
         <object_component_ref idref="oc-5d"/>
      </symbol>
      <symbol id="sm-10f">
         <name>_adc1_isr</name>
         <value>0x86b4</value>
         <object_component_ref idref="oc-5e"/>
      </symbol>
      <symbol id="sm-110">
         <name>_EPwm3_DB_Direction</name>
         <value>0x8a26</value>
         <object_component_ref idref="oc-5d"/>
      </symbol>
      <symbol id="sm-111">
         <name>_EPwm1_DB_Direction</name>
         <value>0x8a24</value>
         <object_component_ref idref="oc-5d"/>
      </symbol>
      <symbol id="sm-112">
         <name>_Voltage</name>
         <value>0x8a2a</value>
         <object_component_ref idref="oc-5d"/>
      </symbol>
      <symbol id="sm-113">
         <name>_EPwm2TimerIntCount</name>
         <value>0x8a30</value>
         <object_component_ref idref="oc-5d"/>
      </symbol>
      <symbol id="sm-114">
         <name>_ConversionCount</name>
         <value>0x8a29</value>
         <object_component_ref idref="oc-5d"/>
      </symbol>
      <symbol id="sm-115">
         <name>_LoopCount</name>
         <value>0x8a28</value>
         <object_component_ref idref="oc-5d"/>
      </symbol>
      <symbol id="sm-116">
         <name>_InitEPwm1Example</name>
         <value>0x84b4</value>
         <object_component_ref idref="oc-115"/>
      </symbol>
      <symbol id="sm-117">
         <name>_EPwm2_DB_Direction</name>
         <value>0x8a27</value>
         <object_component_ref idref="oc-5d"/>
      </symbol>
      <symbol id="sm-125">
         <name>_InitAdc</name>
         <value>0x8026</value>
         <object_component_ref idref="oc-11d"/>
      </symbol>
      <symbol id="sm-126">
         <name>_InitAdcAio</name>
         <value>0x8000</value>
         <object_component_ref idref="oc-11d"/>
      </symbol>
      <symbol id="sm-127">
         <name>_AdcOffsetSelfCal</name>
         <value>0x8186</value>
         <object_component_ref idref="oc-11d"/>
      </symbol>
      <symbol id="sm-128">
         <name>_AdcChanSelect</name>
         <value>0x8045</value>
         <object_component_ref idref="oc-11d"/>
      </symbol>
      <symbol id="sm-129">
         <name>_AdcConversion</name>
         <value>0x809d</value>
         <object_component_ref idref="oc-11d"/>
      </symbol>
      <symbol id="sm-139">
         <name>code_start</name>
         <value>0x0</value>
         <object_component_ref idref="oc-69"/>
      </symbol>
      <symbol id="sm-14e">
         <name>_CpuTimer2</name>
         <value>0x8a14</value>
         <object_component_ref idref="oc-74"/>
      </symbol>
      <symbol id="sm-14f">
         <name>_CpuTimer0</name>
         <value>0x8a1c</value>
         <object_component_ref idref="oc-74"/>
      </symbol>
      <symbol id="sm-150">
         <name>_CpuTimer1</name>
         <value>0x8a0c</value>
         <object_component_ref idref="oc-74"/>
      </symbol>
      <symbol id="sm-15c">
         <name>_SetDBGIER</name>
         <value>0x883f</value>
         <object_component_ref idref="oc-79"/>
      </symbol>
      <symbol id="sm-19a">
         <name>_ILLEGAL_ISR</name>
         <value>0x837e</value>
         <object_component_ref idref="oc-7f"/>
      </symbol>
      <symbol id="sm-19b">
         <name>_ADCINT4_ISR</name>
         <value>0x83e2</value>
         <object_component_ref idref="oc-7f"/>
      </symbol>
      <symbol id="sm-19c">
         <name>_DATALOG_ISR</name>
         <value>0x83c4</value>
         <object_component_ref idref="oc-7f"/>
      </symbol>
      <symbol id="sm-19d">
         <name>_SPITXINTA_ISR</name>
         <value>0x8351</value>
         <object_component_ref idref="oc-7f"/>
      </symbol>
      <symbol id="sm-19e">
         <name>_SPIRXINTA_ISR</name>
         <value>0x8356</value>
         <object_component_ref idref="oc-7f"/>
      </symbol>
      <symbol id="sm-19f">
         <name>_INT13_ISR</name>
         <value>0x8379</value>
         <object_component_ref idref="oc-7f"/>
      </symbol>
      <symbol id="sm-1a0">
         <name>_ADCINT5_ISR</name>
         <value>0x83dd</value>
         <object_component_ref idref="oc-7f"/>
      </symbol>
      <symbol id="sm-1a1">
         <name>_EPWM4_INT_ISR</name>
         <value>0x8392</value>
         <object_component_ref idref="oc-7f"/>
      </symbol>
      <symbol id="sm-1a2">
         <name>_USER5_ISR</name>
         <value>0x8324</value>
         <object_component_ref idref="oc-7f"/>
      </symbol>
      <symbol id="sm-1a3">
         <name>_EMPTY_ISR</name>
         <value>0x83ba</value>
         <object_component_ref idref="oc-7f"/>
      </symbol>
      <symbol id="sm-1a4">
         <name>_EPWM4_TZINT_ISR</name>
         <value>0x838d</value>
         <object_component_ref idref="oc-7f"/>
      </symbol>
      <symbol id="sm-1a5">
         <name>_EMUINT_ISR</name>
         <value>0x83b5</value>
         <object_component_ref idref="oc-7f"/>
      </symbol>
      <symbol id="sm-1a6">
         <name>_ECAP1_INT_ISR</name>
         <value>0x83bf</value>
         <object_component_ref idref="oc-7f"/>
      </symbol>
      <symbol id="sm-1a7">
         <name>_EPWM1_TZINT_ISR</name>
         <value>0x83ab</value>
         <object_component_ref idref="oc-7f"/>
      </symbol>
      <symbol id="sm-1a8">
         <name>_ADCINT6_ISR</name>
         <value>0x83d8</value>
         <object_component_ref idref="oc-7f"/>
      </symbol>
      <symbol id="sm-1a9">
         <name>_ADCINT8_ISR</name>
         <value>0x83ce</value>
         <object_component_ref idref="oc-7f"/>
      </symbol>
      <symbol id="sm-1aa">
         <name>_USER11_ISR</name>
         <value>0x8342</value>
         <object_component_ref idref="oc-7f"/>
      </symbol>
      <symbol id="sm-1ab">
         <name>_EPWM3_TZINT_ISR</name>
         <value>0x8397</value>
         <object_component_ref idref="oc-7f"/>
      </symbol>
      <symbol id="sm-1ac">
         <name>_USER4_ISR</name>
         <value>0x8329</value>
         <object_component_ref idref="oc-7f"/>
      </symbol>
      <symbol id="sm-1ad">
         <name>_EPWM2_TZINT_ISR</name>
         <value>0x83a1</value>
         <object_component_ref idref="oc-7f"/>
      </symbol>
      <symbol id="sm-1ae">
         <name>_EPWM2_INT_ISR</name>
         <value>0x83a6</value>
         <object_component_ref idref="oc-7f"/>
      </symbol>
      <symbol id="sm-1af">
         <name>_TINT0_ISR</name>
         <value>0x834c</value>
         <object_component_ref idref="oc-7f"/>
      </symbol>
      <symbol id="sm-1b0">
         <name>_WAKEINT_ISR</name>
         <value>0x830b</value>
         <object_component_ref idref="oc-7f"/>
      </symbol>
      <symbol id="sm-1b1">
         <name>_ADCINT7_ISR</name>
         <value>0x83d3</value>
         <object_component_ref idref="oc-7f"/>
      </symbol>
      <symbol id="sm-1b2">
         <name>_ADCINT9_ISR</name>
         <value>0x83c9</value>
         <object_component_ref idref="oc-7f"/>
      </symbol>
      <symbol id="sm-1b3">
         <name>_USER10_ISR</name>
         <value>0x8347</value>
         <object_component_ref idref="oc-7f"/>
      </symbol>
      <symbol id="sm-1b4">
         <name>_USER7_ISR</name>
         <value>0x831a</value>
         <object_component_ref idref="oc-7f"/>
      </symbol>
      <symbol id="sm-1b5">
         <name>_XINT1_ISR</name>
         <value>0x8306</value>
         <object_component_ref idref="oc-7f"/>
      </symbol>
      <symbol id="sm-1b6">
         <name>_INT14_ISR</name>
         <value>0x8374</value>
         <object_component_ref idref="oc-7f"/>
      </symbol>
      <symbol id="sm-1b7">
         <name>_USER6_ISR</name>
         <value>0x831f</value>
         <object_component_ref idref="oc-7f"/>
      </symbol>
      <symbol id="sm-1b8">
         <name>_ADCINT1_ISR</name>
         <value>0x83f1</value>
         <object_component_ref idref="oc-7f"/>
      </symbol>
      <symbol id="sm-1b9">
         <name>_USER12_ISR</name>
         <value>0x833d</value>
         <object_component_ref idref="oc-7f"/>
      </symbol>
      <symbol id="sm-1ba">
         <name>_USER1_ISR</name>
         <value>0x8338</value>
         <object_component_ref idref="oc-7f"/>
      </symbol>
      <symbol id="sm-1bb">
         <name>_XINT3_ISR</name>
         <value>0x82fc</value>
         <object_component_ref idref="oc-7f"/>
      </symbol>
      <symbol id="sm-1bc">
         <name>_NMI_ISR</name>
         <value>0x836f</value>
         <object_component_ref idref="oc-7f"/>
      </symbol>
      <symbol id="sm-1bd">
         <name>_ADCINT2_ISR</name>
         <value>0x83ec</value>
         <object_component_ref idref="oc-7f"/>
      </symbol>
      <symbol id="sm-1be">
         <name>_PIE_RESERVED</name>
         <value>0x836a</value>
         <object_component_ref idref="oc-7f"/>
      </symbol>
      <symbol id="sm-1bf">
         <name>_I2CINT1A_ISR</name>
         <value>0x8388</value>
         <object_component_ref idref="oc-7f"/>
      </symbol>
      <symbol id="sm-1c0">
         <name>_XINT2_ISR</name>
         <value>0x8301</value>
         <object_component_ref idref="oc-7f"/>
      </symbol>
      <symbol id="sm-1c1">
         <name>_I2CINT2A_ISR</name>
         <value>0x8383</value>
         <object_component_ref idref="oc-7f"/>
      </symbol>
      <symbol id="sm-1c2">
         <name>_RTOSINT_ISR</name>
         <value>0x8365</value>
         <object_component_ref idref="oc-7f"/>
      </symbol>
      <symbol id="sm-1c3">
         <name>_EPWM3_INT_ISR</name>
         <value>0x839c</value>
         <object_component_ref idref="oc-7f"/>
      </symbol>
      <symbol id="sm-1c4">
         <name>_ADCINT3_ISR</name>
         <value>0x83e7</value>
         <object_component_ref idref="oc-7f"/>
      </symbol>
      <symbol id="sm-1c5">
         <name>_USER9_ISR</name>
         <value>0x8310</value>
         <object_component_ref idref="oc-7f"/>
      </symbol>
      <symbol id="sm-1c6">
         <name>_USER3_ISR</name>
         <value>0x832e</value>
         <object_component_ref idref="oc-7f"/>
      </symbol>
      <symbol id="sm-1c7">
         <name>_USER8_ISR</name>
         <value>0x8315</value>
         <object_component_ref idref="oc-7f"/>
      </symbol>
      <symbol id="sm-1c8">
         <name>_EPWM1_INT_ISR</name>
         <value>0x83b0</value>
         <object_component_ref idref="oc-7f"/>
      </symbol>
      <symbol id="sm-1c9">
         <name>_USER2_ISR</name>
         <value>0x8333</value>
         <object_component_ref idref="oc-7f"/>
      </symbol>
      <symbol id="sm-1ca">
         <name>_SCITXINTA_ISR</name>
         <value>0x835b</value>
         <object_component_ref idref="oc-7f"/>
      </symbol>
      <symbol id="sm-1cb">
         <name>_SCIRXINTA_ISR</name>
         <value>0x8360</value>
         <object_component_ref idref="oc-7f"/>
      </symbol>
      <symbol id="sm-1cc">
         <name>_rsvd_ISR</name>
         <value>0x82f7</value>
         <object_component_ref idref="oc-7f"/>
      </symbol>
      <symbol id="sm-1d8">
         <name>_DSP28x_DisableInt</name>
         <value>0x8838</value>
         <object_component_ref idref="oc-84"/>
      </symbol>
      <symbol id="sm-1d9">
         <name>_DSP28x_RestoreInt</name>
         <value>0x883c</value>
         <object_component_ref idref="oc-84"/>
      </symbol>
      <symbol id="sm-1ee">
         <name>_InitEPwm3Gpio</name>
         <value>0x85cc</value>
         <object_component_ref idref="oc-11a"/>
      </symbol>
      <symbol id="sm-1ef">
         <name>_InitTzGpio</name>
         <value>0x856a</value>
         <object_component_ref idref="oc-11a"/>
      </symbol>
      <symbol id="sm-1f0">
         <name>_InitEPwm2Gpio</name>
         <value>0x85b6</value>
         <object_component_ref idref="oc-11a"/>
      </symbol>
      <symbol id="sm-1f1">
         <name>_InitEPwm1Gpio</name>
         <value>0x85a0</value>
         <object_component_ref idref="oc-11a"/>
      </symbol>
      <symbol id="sm-1f2">
         <name>_InitEPwmGpio</name>
         <value>0x85fc</value>
         <object_component_ref idref="oc-11a"/>
      </symbol>
      <symbol id="sm-1f3">
         <name>_InitEPwm4Gpio</name>
         <value>0x85e4</value>
         <object_component_ref idref="oc-11a"/>
      </symbol>
      <symbol id="sm-1f4">
         <name>_InitEPwmSyncGpio</name>
         <value>0x858c</value>
         <object_component_ref idref="oc-11a"/>
      </symbol>
      <symbol id="sm-1f5">
         <name>_InitEPwm</name>
         <value>0x8605</value>
         <object_component_ref idref="oc-11a"/>
      </symbol>
      <symbol id="sm-225">
         <name>_InitPieCtrl</name>
         <value>0x873d</value>
         <object_component_ref idref="oc-11b"/>
      </symbol>
      <symbol id="sm-226">
         <name>_EnableInterrupts</name>
         <value>0x875c</value>
         <object_component_ref idref="oc-11b"/>
      </symbol>
      <symbol id="sm-235">
         <name>_PieVectTableInit</name>
         <value>0x8900</value>
         <object_component_ref idref="oc-120"/>
      </symbol>
      <symbol id="sm-236">
         <name>_InitPieVectTable</name>
         <value>0x8806</value>
         <object_component_ref idref="oc-11c"/>
      </symbol>
      <symbol id="sm-25b">
         <name>_InitPll</name>
         <value>0x81f3</value>
         <object_component_ref idref="oc-119"/>
      </symbol>
      <symbol id="sm-25c">
         <name>_IntOsc1Sel</name>
         <value>0x81db</value>
         <object_component_ref idref="oc-119"/>
      </symbol>
      <symbol id="sm-25d">
         <name>_ExtOscSel</name>
         <value>0x82b1</value>
         <object_component_ref idref="oc-119"/>
      </symbol>
      <symbol id="sm-25e">
         <name>_DisableDog</name>
         <value>0x81eb</value>
         <object_component_ref idref="oc-119"/>
      </symbol>
      <symbol id="sm-25f">
         <name>_InitPeripheralClocks</name>
         <value>0x8245</value>
         <object_component_ref idref="oc-119"/>
      </symbol>
      <symbol id="sm-260">
         <name>_IntOsc2Sel</name>
         <value>0x81c9</value>
         <object_component_ref idref="oc-119"/>
      </symbol>
      <symbol id="sm-261">
         <name>_InitFlash</name>
         <value>0x8294</value>
         <object_component_ref idref="oc-119"/>
      </symbol>
      <symbol id="sm-262">
         <name>_CsmUnlock</name>
         <value>0x82c9</value>
         <object_component_ref idref="oc-119"/>
      </symbol>
      <symbol id="sm-263">
         <name>_ServiceDog</name>
         <value>0x81bf</value>
         <object_component_ref idref="oc-119"/>
      </symbol>
      <symbol id="sm-264">
         <name>_XtalOscSel</name>
         <value>0x81ab</value>
         <object_component_ref idref="oc-119"/>
      </symbol>
      <symbol id="sm-265">
         <name>_InitSysCtrl</name>
         <value>0x827c</value>
         <object_component_ref idref="oc-119"/>
      </symbol>
      <symbol id="sm-27a">
         <name>_DSP28x_usDelay</name>
         <value>0x6a</value>
         <object_component_ref idref="oc-c5"/>
      </symbol>
      <symbol id="sm-295">
         <name>_c_int00</name>
         <value>0x8660</value>
         <object_component_ref idref="oc-33"/>
      </symbol>
      <symbol id="sm-296">
         <name>__stack</name>
         <value>0x400</value>
         <object_component_ref idref="oc-ca"/>
      </symbol>
      <symbol id="sm-2a7">
         <name>FS$$MPY</name>
         <value>0x8606</value>
         <object_component_ref idref="oc-d0"/>
      </symbol>
      <symbol id="sm-2b8">
         <name>FS$$TOI</name>
         <value>0x8765</value>
         <object_component_ref idref="oc-d5"/>
      </symbol>
      <symbol id="sm-2cb">
         <name>FS$$TOL</name>
         <value>0x8714</value>
         <object_component_ref idref="oc-da"/>
      </symbol>
      <symbol id="sm-2d9">
         <name>I$$MOD</name>
         <value>0x87bf</value>
         <object_component_ref idref="oc-df"/>
      </symbol>
      <symbol id="sm-2da">
         <name>I$$DIV</name>
         <value>0x87ae</value>
         <object_component_ref idref="oc-df"/>
      </symbol>
      <symbol id="sm-2e8">
         <name>U$$TOFS</name>
         <value>0x8817</value>
         <object_component_ref idref="oc-e4"/>
      </symbol>
      <symbol id="sm-2f7">
         <name>_copy_in</name>
         <value>0x878a</value>
         <object_component_ref idref="oc-10f"/>
      </symbol>
      <symbol id="sm-308">
         <name>_memcpy</name>
         <value>0x87d0</value>
         <object_component_ref idref="oc-114"/>
      </symbol>
      <symbol id="sm-314">
         <name>__system_pre_init</name>
         <value>0x8842</value>
         <object_component_ref idref="oc-10e"/>
      </symbol>
      <symbol id="sm-321">
         <name>__system_post_cinit</name>
         <value>0x8844</value>
         <object_component_ref idref="oc-110"/>
      </symbol>
      <symbol id="sm-335">
         <name>C$$EXIT</name>
         <value>0x86eb</value>
         <object_component_ref idref="oc-112"/>
      </symbol>
      <symbol id="sm-336">
         <name>_exit</name>
         <value>0x86ed</value>
         <object_component_ref idref="oc-112"/>
      </symbol>
      <symbol id="sm-337">
         <name>___TI_cleanup_ptr</name>
         <value>0x8a34</value>
         <object_component_ref idref="oc-ff"/>
      </symbol>
      <symbol id="sm-338">
         <name>___TI_enable_exit_profile_output</name>
         <value>0x8a32</value>
         <object_component_ref idref="oc-ff"/>
      </symbol>
      <symbol id="sm-339">
         <name>_abort</name>
         <value>0x86eb</value>
         <object_component_ref idref="oc-112"/>
      </symbol>
      <symbol id="sm-33a">
         <name>___TI_dtors_ptr</name>
         <value>0x8a36</value>
         <object_component_ref idref="oc-ff"/>
      </symbol>
      <symbol id="sm-34e">
         <name>__unlock</name>
         <value>0x8a3a</value>
         <object_component_ref idref="oc-121"/>
      </symbol>
      <symbol id="sm-34f">
         <name>__lock</name>
         <value>0x8a38</value>
         <object_component_ref idref="oc-116"/>
      </symbol>
      <symbol id="sm-350">
         <name>__register_lock</name>
         <value>0x882b</value>
         <object_component_ref idref="oc-11e"/>
      </symbol>
      <symbol id="sm-351">
         <name>__nop</name>
         <value>0x882f</value>
         <object_component_ref idref="oc-11e"/>
      </symbol>
      <symbol id="sm-352">
         <name>__register_unlock</name>
         <value>0x8827</value>
         <object_component_ref idref="oc-11e"/>
      </symbol>
      <symbol id="sm-361">
         <name>__args_main</name>
         <value>0x87ed</value>
         <object_component_ref idref="oc-111"/>
      </symbol>
   </symbol_table>
   <title>Link successful</title>
</link_info>
