<?xml version="1.0" encoding="ISO-8859-1" ?>
<link_info>
   <banner>TMS320C2000 Linker PC v18.1.2.LTS</banner>
   <copyright>Copyright (c) 1996-2017 Texas Instruments Incorporated</copyright>
   <link_time>0x5c95891c</link_time>
   <link_errors>0x0</link_errors>
   <output_file>Clock.out</output_file>
   <entry_point>
      <name>_c_int00</name>
      <address>0x3f6628</address>
   </entry_point>
   <input_file_list>
      <input_file id="fl-2">
         <path>.\</path>
         <kind>object</kind>
         <file>DSP2802x_GlobalVariableDefs.obj</file>
         <name>DSP2802x_GlobalVariableDefs.obj</name>
      </input_file>
      <input_file id="fl-3">
         <path>.\</path>
         <kind>object</kind>
         <file>LCD.obj</file>
         <name>LCD.obj</name>
      </input_file>
      <input_file id="fl-4">
         <path>.\</path>
         <kind>object</kind>
         <file>LED_TM1638.obj</file>
         <name>LED_TM1638.obj</name>
      </input_file>
      <input_file id="fl-5">
         <path>.\</path>
         <kind>object</kind>
         <file>adc.obj</file>
         <name>adc.obj</name>
      </input_file>
      <input_file id="fl-6">
         <path>.\</path>
         <kind>object</kind>
         <file>main.obj</file>
         <name>main.obj</name>
      </input_file>
      <input_file id="fl-7">
         <path>.\source\</path>
         <kind>object</kind>
         <file>DSP2802x_Adc.obj</file>
         <name>DSP2802x_Adc.obj</name>
      </input_file>
      <input_file id="fl-8">
         <path>.\source\</path>
         <kind>object</kind>
         <file>DSP2802x_CodeStartBranch.obj</file>
         <name>DSP2802x_CodeStartBranch.obj</name>
      </input_file>
      <input_file id="fl-9">
         <path>.\source\</path>
         <kind>object</kind>
         <file>DSP2802x_Comp.obj</file>
         <name>DSP2802x_Comp.obj</name>
      </input_file>
      <input_file id="fl-a">
         <path>.\source\</path>
         <kind>object</kind>
         <file>DSP2802x_CpuTimers.obj</file>
         <name>DSP2802x_CpuTimers.obj</name>
      </input_file>
      <input_file id="fl-b">
         <path>.\source\</path>
         <kind>object</kind>
         <file>DSP2802x_DBGIER.obj</file>
         <name>DSP2802x_DBGIER.obj</name>
      </input_file>
      <input_file id="fl-c">
         <path>.\source\</path>
         <kind>object</kind>
         <file>DSP2802x_DefaultIsr.obj</file>
         <name>DSP2802x_DefaultIsr.obj</name>
      </input_file>
      <input_file id="fl-d">
         <path>.\source\</path>
         <kind>object</kind>
         <file>DSP2802x_DisInt.obj</file>
         <name>DSP2802x_DisInt.obj</name>
      </input_file>
      <input_file id="fl-e">
         <path>.\source\</path>
         <kind>object</kind>
         <file>DSP2802x_ECap.obj</file>
         <name>DSP2802x_ECap.obj</name>
      </input_file>
      <input_file id="fl-f">
         <path>.\source\</path>
         <kind>object</kind>
         <file>DSP2802x_EPwm.obj</file>
         <name>DSP2802x_EPwm.obj</name>
      </input_file>
      <input_file id="fl-10">
         <path>.\source\</path>
         <kind>object</kind>
         <file>DSP2802x_Gpio.obj</file>
         <name>DSP2802x_Gpio.obj</name>
      </input_file>
      <input_file id="fl-11">
         <path>.\source\</path>
         <kind>object</kind>
         <file>DSP2802x_I2C.obj</file>
         <name>DSP2802x_I2C.obj</name>
      </input_file>
      <input_file id="fl-12">
         <path>.\source\</path>
         <kind>object</kind>
         <file>DSP2802x_MemCopy.obj</file>
         <name>DSP2802x_MemCopy.obj</name>
      </input_file>
      <input_file id="fl-13">
         <path>.\source\</path>
         <kind>object</kind>
         <file>DSP2802x_OscComp.obj</file>
         <name>DSP2802x_OscComp.obj</name>
      </input_file>
      <input_file id="fl-14">
         <path>.\source\</path>
         <kind>object</kind>
         <file>DSP2802x_PieCtrl.obj</file>
         <name>DSP2802x_PieCtrl.obj</name>
      </input_file>
      <input_file id="fl-15">
         <path>.\source\</path>
         <kind>object</kind>
         <file>DSP2802x_PieVect.obj</file>
         <name>DSP2802x_PieVect.obj</name>
      </input_file>
      <input_file id="fl-16">
         <path>.\source\</path>
         <kind>object</kind>
         <file>DSP2802x_Sci.obj</file>
         <name>DSP2802x_Sci.obj</name>
      </input_file>
      <input_file id="fl-17">
         <path>.\source\</path>
         <kind>object</kind>
         <file>DSP2802x_Spi.obj</file>
         <name>DSP2802x_Spi.obj</name>
      </input_file>
      <input_file id="fl-18">
         <path>.\source\</path>
         <kind>object</kind>
         <file>DSP2802x_SysCtrl.obj</file>
         <name>DSP2802x_SysCtrl.obj</name>
      </input_file>
      <input_file id="fl-19">
         <path>.\source\</path>
         <kind>object</kind>
         <file>DSP2802x_TempSensorConv.obj</file>
         <name>DSP2802x_TempSensorConv.obj</name>
      </input_file>
      <input_file id="fl-1a">
         <path>.\source\</path>
         <kind>object</kind>
         <file>DSP2802x_usDelay.obj</file>
         <name>DSP2802x_usDelay.obj</name>
      </input_file>
      <input_file id="fl-1f">
         <kind>object</kind>
         <file>&lt;internal&gt;</file>
         <name>&lt;internal&gt;</name>
      </input_file>
      <input_file id="fl-2b">
         <path>C:\ti\ccs810\ccsv8\tools\compiler\ti-cgt-c2000_18.1.2.LTS\lib\</path>
         <kind>archive</kind>
         <file>rts2800_ml.lib</file>
         <name>boot28.asm.obj</name>
      </input_file>
      <input_file id="fl-2c">
         <path>C:\ti\ccs810\ccsv8\tools\compiler\ti-cgt-c2000_18.1.2.LTS\lib\</path>
         <kind>archive</kind>
         <file>rts2800_ml.lib</file>
         <name>fs_add28.asm.obj</name>
      </input_file>
      <input_file id="fl-2d">
         <path>C:\ti\ccs810\ccsv8\tools\compiler\ti-cgt-c2000_18.1.2.LTS\lib\</path>
         <kind>archive</kind>
         <file>rts2800_ml.lib</file>
         <name>fs_mpy28.asm.obj</name>
      </input_file>
      <input_file id="fl-2e">
         <path>C:\ti\ccs810\ccsv8\tools\compiler\ti-cgt-c2000_18.1.2.LTS\lib\</path>
         <kind>archive</kind>
         <file>rts2800_ml.lib</file>
         <name>fs_tol28.asm.obj</name>
      </input_file>
      <input_file id="fl-2f">
         <path>C:\ti\ccs810\ccsv8\tools\compiler\ti-cgt-c2000_18.1.2.LTS\lib\</path>
         <kind>archive</kind>
         <file>rts2800_ml.lib</file>
         <name>i_div28.asm.obj</name>
      </input_file>
      <input_file id="fl-30">
         <path>C:\ti\ccs810\ccsv8\tools\compiler\ti-cgt-c2000_18.1.2.LTS\lib\</path>
         <kind>archive</kind>
         <file>rts2800_ml.lib</file>
         <name>u_tofs28.asm.obj</name>
      </input_file>
      <input_file id="fl-31">
         <path>C:\ti\ccs810\ccsv8\tools\compiler\ti-cgt-c2000_18.1.2.LTS\lib\</path>
         <kind>archive</kind>
         <file>rts2800_ml.lib</file>
         <name>cpy_tbl.c.obj</name>
      </input_file>
      <input_file id="fl-32">
         <path>C:\ti\ccs810\ccsv8\tools\compiler\ti-cgt-c2000_18.1.2.LTS\lib\</path>
         <kind>archive</kind>
         <file>rts2800_ml.lib</file>
         <name>memcpy.c.obj</name>
      </input_file>
      <input_file id="fl-33">
         <path>C:\ti\ccs810\ccsv8\tools\compiler\ti-cgt-c2000_18.1.2.LTS\lib\</path>
         <kind>archive</kind>
         <file>rts2800_ml.lib</file>
         <name>pre_init.c.obj</name>
      </input_file>
      <input_file id="fl-34">
         <path>C:\ti\ccs810\ccsv8\tools\compiler\ti-cgt-c2000_18.1.2.LTS\lib\</path>
         <kind>archive</kind>
         <file>rts2800_ml.lib</file>
         <name>startup.c.obj</name>
      </input_file>
      <input_file id="fl-35">
         <path>C:\ti\ccs810\ccsv8\tools\compiler\ti-cgt-c2000_18.1.2.LTS\lib\</path>
         <kind>archive</kind>
         <file>rts2800_ml.lib</file>
         <name>exit.c.obj</name>
      </input_file>
      <input_file id="fl-36">
         <path>C:\ti\ccs810\ccsv8\tools\compiler\ti-cgt-c2000_18.1.2.LTS\lib\</path>
         <kind>archive</kind>
         <file>rts2800_ml.lib</file>
         <name>_lock.c.obj</name>
      </input_file>
      <input_file id="fl-37">
         <path>C:\ti\ccs810\ccsv8\tools\compiler\ti-cgt-c2000_18.1.2.LTS\lib\</path>
         <kind>archive</kind>
         <file>rts2800_ml.lib</file>
         <name>args_main.c.obj</name>
      </input_file>
   </input_file_list>
   <object_component_list>
      <object_component id="oc-6b">
         <name>.cinit</name>
         <load_address>0x3f68bd</load_address>
         <run_address>0x3f68bd</run_address>
         <size>0x28</size>
         <input_file_ref idref="fl-6"/>
      </object_component>
      <object_component id="oc-10d">
         <name>.cinit</name>
         <load_address>0x3f68e5</load_address>
         <run_address>0x3f68e5</run_address>
         <size>0xe</size>
         <input_file_ref idref="fl-35"/>
      </object_component>
      <object_component id="oc-125">
         <name>.cinit:__lock</name>
         <load_address>0x3f68f3</load_address>
         <run_address>0x3f68f3</run_address>
         <size>0x5</size>
         <input_file_ref idref="fl-36"/>
      </object_component>
      <object_component id="oc-12c">
         <name>.cinit:__unlock</name>
         <load_address>0x3f68f8</load_address>
         <run_address>0x3f68f8</run_address>
         <size>0x5</size>
         <input_file_ref idref="fl-36"/>
      </object_component>
      <object_component id="oc-126">
         <name>.text</name>
         <load_address>0x3f6000</load_address>
         <run_address>0x3f6000</run_address>
         <size>0x14c</size>
         <input_file_ref idref="fl-18"/>
      </object_component>
      <object_component id="oc-8e">
         <name>.text:retain</name>
         <load_address>0x3f614c</load_address>
         <run_address>0x3f614c</run_address>
         <size>0xff</size>
         <input_file_ref idref="fl-c"/>
      </object_component>
      <object_component id="oc-122">
         <name>.text</name>
         <load_address>0x3f624b</load_address>
         <run_address>0x3f624b</run_address>
         <size>0xee</size>
         <input_file_ref idref="fl-6"/>
      </object_component>
      <object_component id="oc-65">
         <name>.text:retain</name>
         <load_address>0x3f6339</load_address>
         <run_address>0x3f6339</run_address>
         <size>0xad</size>
         <input_file_ref idref="fl-5"/>
      </object_component>
      <object_component id="oc-12a">
         <name>.text</name>
         <load_address>0x3f63e6</load_address>
         <run_address>0x3f63e6</run_address>
         <size>0x87</size>
         <input_file_ref idref="fl-4"/>
      </object_component>
      <object_component id="oc-6d">
         <name>.text:retain</name>
         <load_address>0x3f646d</load_address>
         <run_address>0x3f646d</run_address>
         <size>0x87</size>
         <input_file_ref idref="fl-6"/>
      </object_component>
      <object_component id="oc-df">
         <name>.text</name>
         <load_address>0x3f64f4</load_address>
         <run_address>0x3f64f4</run_address>
         <size>0x78</size>
         <input_file_ref idref="fl-2c"/>
      </object_component>
      <object_component id="oc-129">
         <name>.text</name>
         <load_address>0x3f656c</load_address>
         <run_address>0x3f656c</run_address>
         <size>0x62</size>
         <input_file_ref idref="fl-a"/>
      </object_component>
      <object_component id="oc-e4">
         <name>.text</name>
         <load_address>0x3f65ce</load_address>
         <run_address>0x3f65ce</run_address>
         <size>0x5a</size>
         <input_file_ref idref="fl-2d"/>
      </object_component>
      <object_component id="oc-35">
         <name>.text</name>
         <load_address>0x3f6628</load_address>
         <run_address>0x3f6628</run_address>
         <size>0x54</size>
         <input_file_ref idref="fl-2b"/>
      </object_component>
      <object_component id="oc-121">
         <name>.text</name>
         <load_address>0x3f667c</load_address>
         <run_address>0x3f667c</run_address>
         <size>0x29</size>
         <input_file_ref idref="fl-35"/>
      </object_component>
      <object_component id="oc-e9">
         <name>.text</name>
         <load_address>0x3f66a5</load_address>
         <run_address>0x3f66a5</run_address>
         <size>0x29</size>
         <input_file_ref idref="fl-2e"/>
      </object_component>
      <object_component id="oc-127">
         <name>.text</name>
         <load_address>0x3f66ce</load_address>
         <run_address>0x3f66ce</run_address>
         <size>0x28</size>
         <input_file_ref idref="fl-14"/>
      </object_component>
      <object_component id="oc-11e">
         <name>.text</name>
         <load_address>0x3f66f6</load_address>
         <run_address>0x3f66f6</run_address>
         <size>0x24</size>
         <input_file_ref idref="fl-31"/>
      </object_component>
      <object_component id="oc-ee">
         <name>.text</name>
         <load_address>0x3f671a</load_address>
         <run_address>0x3f671a</run_address>
         <size>0x22</size>
         <input_file_ref idref="fl-2f"/>
      </object_component>
      <object_component id="oc-123">
         <name>.text</name>
         <load_address>0x3f673c</load_address>
         <run_address>0x3f673c</run_address>
         <size>0x1d</size>
         <input_file_ref idref="fl-32"/>
      </object_component>
      <object_component id="oc-120">
         <name>.text</name>
         <load_address>0x3f6759</load_address>
         <run_address>0x3f6759</run_address>
         <size>0x19</size>
         <input_file_ref idref="fl-37"/>
      </object_component>
      <object_component id="oc-128">
         <name>.text</name>
         <load_address>0x3f6772</load_address>
         <run_address>0x3f6772</run_address>
         <size>0x11</size>
         <input_file_ref idref="fl-15"/>
      </object_component>
      <object_component id="oc-f3">
         <name>.text</name>
         <load_address>0x3f6783</load_address>
         <run_address>0x3f6783</run_address>
         <size>0x10</size>
         <input_file_ref idref="fl-30"/>
      </object_component>
      <object_component id="oc-12b">
         <name>.text</name>
         <load_address>0x3f6793</load_address>
         <run_address>0x3f6793</run_address>
         <size>0x9</size>
         <input_file_ref idref="fl-36"/>
      </object_component>
      <object_component id="oc-77">
         <name>.text</name>
         <load_address>0x3f679c</load_address>
         <run_address>0x3f679c</run_address>
         <size>0x8</size>
         <input_file_ref idref="fl-8"/>
      </object_component>
      <object_component id="oc-93">
         <name>.text</name>
         <load_address>0x3f67a4</load_address>
         <run_address>0x3f67a4</run_address>
         <size>0x7</size>
         <input_file_ref idref="fl-d"/>
      </object_component>
      <object_component id="oc-88">
         <name>.text</name>
         <load_address>0x3f67ab</load_address>
         <run_address>0x3f67ab</run_address>
         <size>0x3</size>
         <input_file_ref idref="fl-b"/>
      </object_component>
      <object_component id="oc-11d">
         <name>.text</name>
         <load_address>0x3f67ae</load_address>
         <run_address>0x3f67ae</run_address>
         <size>0x2</size>
         <input_file_ref idref="fl-33"/>
      </object_component>
      <object_component id="oc-11f">
         <name>.text</name>
         <load_address>0x3f67b0</load_address>
         <run_address>0x3f67b0</run_address>
         <size>0x1</size>
         <input_file_ref idref="fl-34"/>
      </object_component>
      <object_component id="oc-78">
         <name>codestart</name>
         <load_address>0x3f7ff6</load_address>
         <run_address>0x3f7ff6</run_address>
         <size>0x2</size>
         <input_file_ref idref="fl-8"/>
      </object_component>
      <object_component id="oc-d9">
         <name>.stack</name>
         <uninitialized>true</uninitialized>
         <run_address>0x50</run_address>
         <size>0x0</size>
         <input_file_ref idref="fl-2b"/>
      </object_component>
      <object_component id="oc-16e">
         <name>.stack</name>
         <uninitialized>true</uninitialized>
         <run_address>0x50</run_address>
         <size>0x0</size>
      </object_component>
      <object_component id="oc-5a">
         <name>.ebss</name>
         <uninitialized>true</uninitialized>
         <run_address>0x8834</run_address>
         <size>0x2</size>
         <input_file_ref idref="fl-3"/>
      </object_component>
      <object_component id="oc-6c">
         <name>.ebss</name>
         <uninitialized>true</uninitialized>
         <run_address>0x8818</run_address>
         <size>0x16</size>
         <input_file_ref idref="fl-6"/>
      </object_component>
      <object_component id="oc-83">
         <name>.ebss</name>
         <uninitialized>true</uninitialized>
         <run_address>0x8800</run_address>
         <size>0x18</size>
         <input_file_ref idref="fl-a"/>
      </object_component>
      <object_component id="oc-10e">
         <name>.ebss</name>
         <uninitialized>true</uninitialized>
         <run_address>0x882e</run_address>
         <size>0x6</size>
         <input_file_ref idref="fl-35"/>
      </object_component>
      <object_component id="oc-12f">
         <name>.ebss:__unlock</name>
         <uninitialized>true</uninitialized>
         <run_address>0x8838</run_address>
         <size>0x2</size>
         <input_file_ref idref="fl-36"/>
      </object_component>
      <object_component id="oc-124">
         <name>.ebss:__lock</name>
         <uninitialized>true</uninitialized>
         <run_address>0x8836</run_address>
         <size>0x2</size>
         <input_file_ref idref="fl-36"/>
      </object_component>
      <object_component id="oc-12d">
         <name>.econst:_PieVectTableInit</name>
         <load_address>0x3f67b2</load_address>
         <run_address>0x3f67b2</run_address>
         <size>0x100</size>
         <input_file_ref idref="fl-15"/>
      </object_component>
      <object_component id="oc-12e">
         <name>.econst:.string:_codetable</name>
         <load_address>0x3f68b2</load_address>
         <run_address>0x3f68b2</run_address>
         <size>0xb</size>
         <input_file_ref idref="fl-4"/>
      </object_component>
      <object_component id="oc-da">
         <name>.reset</name>
         <load_address>0x3fffc0</load_address>
         <run_address>0x3fffc0</run_address>
         <size>0x2</size>
         <input_file_ref idref="fl-2b"/>
      </object_component>
      <object_component id="oc-57">
         <name>PieVectTableFile</name>
         <uninitialized>true</uninitialized>
         <run_address>0xd00</run_address>
         <size>0x100</size>
         <input_file_ref idref="fl-2"/>
      </object_component>
      <object_component id="oc-37">
         <name>EmuKeyVar</name>
         <uninitialized>true</uninitialized>
         <run_address>0xd00</run_address>
         <size>0x1</size>
         <input_file_ref idref="fl-2"/>
      </object_component>
      <object_component id="oc-39">
         <name>EmuBModeVar</name>
         <uninitialized>true</uninitialized>
         <run_address>0xd01</run_address>
         <size>0x1</size>
         <input_file_ref idref="fl-2"/>
      </object_component>
      <object_component id="oc-3b">
         <name>FlashCallbackVar</name>
         <uninitialized>true</uninitialized>
         <run_address>0xd02</run_address>
         <size>0x2</size>
         <input_file_ref idref="fl-2"/>
      </object_component>
      <object_component id="oc-3a">
         <name>FlashScalingVar</name>
         <uninitialized>true</uninitialized>
         <run_address>0xd04</run_address>
         <size>0x2</size>
         <input_file_ref idref="fl-2"/>
      </object_component>
      <object_component id="oc-3d">
         <name>DevEmuRegsFile</name>
         <uninitialized>true</uninitialized>
         <run_address>0x880</run_address>
         <size>0x4</size>
         <input_file_ref idref="fl-2"/>
      </object_component>
      <object_component id="oc-3c">
         <name>SysPwrCtrlRegsFile</name>
         <uninitialized>true</uninitialized>
         <run_address>0x985</run_address>
         <size>0x3</size>
         <input_file_ref idref="fl-2"/>
      </object_component>
      <object_component id="oc-3e">
         <name>FlashRegsFile</name>
         <uninitialized>true</uninitialized>
         <run_address>0xa80</run_address>
         <size>0x8</size>
         <input_file_ref idref="fl-2"/>
      </object_component>
      <object_component id="oc-47">
         <name>CsmRegsFile</name>
         <uninitialized>true</uninitialized>
         <run_address>0xae0</run_address>
         <size>0x10</size>
         <input_file_ref idref="fl-2"/>
      </object_component>
      <object_component id="oc-4f">
         <name>AdcResultFile</name>
         <uninitialized>true</uninitialized>
         <run_address>0xb00</run_address>
         <size>0x20</size>
         <input_file_ref idref="fl-2"/>
      </object_component>
      <object_component id="oc-3f">
         <name>CpuTimer0RegsFile</name>
         <uninitialized>true</uninitialized>
         <run_address>0xc00</run_address>
         <size>0x8</size>
         <input_file_ref idref="fl-2"/>
      </object_component>
      <object_component id="oc-40">
         <name>CpuTimer1RegsFile</name>
         <uninitialized>true</uninitialized>
         <run_address>0xc08</run_address>
         <size>0x8</size>
         <input_file_ref idref="fl-2"/>
      </object_component>
      <object_component id="oc-41">
         <name>CpuTimer2RegsFile</name>
         <uninitialized>true</uninitialized>
         <run_address>0xc10</run_address>
         <size>0x8</size>
         <input_file_ref idref="fl-2"/>
      </object_component>
      <object_component id="oc-4b">
         <name>PieCtrlRegsFile</name>
         <uninitialized>true</uninitialized>
         <run_address>0xce0</run_address>
         <size>0x1a</size>
         <input_file_ref idref="fl-2"/>
      </object_component>
      <object_component id="oc-4e">
         <name>ECap1RegsFile</name>
         <uninitialized>true</uninitialized>
         <run_address>0x6a00</run_address>
         <size>0x20</size>
         <input_file_ref idref="fl-2"/>
      </object_component>
      <object_component id="oc-55">
         <name>GpioCtrlRegsFile</name>
         <uninitialized>true</uninitialized>
         <run_address>0x6f80</run_address>
         <size>0x40</size>
         <input_file_ref idref="fl-2"/>
      </object_component>
      <object_component id="oc-4d">
         <name>GpioDataRegsFile</name>
         <uninitialized>true</uninitialized>
         <run_address>0x6fc0</run_address>
         <size>0x20</size>
         <input_file_ref idref="fl-2"/>
      </object_component>
      <object_component id="oc-43">
         <name>GpioIntRegsFile</name>
         <uninitialized>true</uninitialized>
         <run_address>0x6fe0</run_address>
         <size>0xa</size>
         <input_file_ref idref="fl-2"/>
      </object_component>
      <object_component id="oc-4c">
         <name>SysCtrlRegsFile</name>
         <uninitialized>true</uninitialized>
         <run_address>0x7010</run_address>
         <size>0x1f</size>
         <input_file_ref idref="fl-2"/>
      </object_component>
      <object_component id="oc-44">
         <name>SpiaRegsFile</name>
         <uninitialized>true</uninitialized>
         <run_address>0x7040</run_address>
         <size>0x10</size>
         <input_file_ref idref="fl-2"/>
      </object_component>
      <object_component id="oc-45">
         <name>SciaRegsFile</name>
         <uninitialized>true</uninitialized>
         <run_address>0x7050</run_address>
         <size>0x10</size>
         <input_file_ref idref="fl-2"/>
      </object_component>
      <object_component id="oc-46">
         <name>NmiIntruptRegsFile</name>
         <uninitialized>true</uninitialized>
         <run_address>0x7060</run_address>
         <size>0x10</size>
         <input_file_ref idref="fl-2"/>
      </object_component>
      <object_component id="oc-48">
         <name>XIntruptRegsFile</name>
         <uninitialized>true</uninitialized>
         <run_address>0x7070</run_address>
         <size>0x10</size>
         <input_file_ref idref="fl-2"/>
      </object_component>
      <object_component id="oc-56">
         <name>AdcRegsFile</name>
         <uninitialized>true</uninitialized>
         <run_address>0x7100</run_address>
         <size>0x50</size>
         <input_file_ref idref="fl-2"/>
      </object_component>
      <object_component id="oc-50">
         <name>I2caRegsFile</name>
         <uninitialized>true</uninitialized>
         <run_address>0x7900</run_address>
         <size>0x22</size>
         <input_file_ref idref="fl-2"/>
      </object_component>
      <object_component id="oc-4a">
         <name>Comp1RegsFile</name>
         <uninitialized>true</uninitialized>
         <run_address>0x6400</run_address>
         <size>0x11</size>
         <input_file_ref idref="fl-2"/>
      </object_component>
      <object_component id="oc-49">
         <name>Comp2RegsFile</name>
         <uninitialized>true</uninitialized>
         <run_address>0x6420</run_address>
         <size>0x11</size>
         <input_file_ref idref="fl-2"/>
      </object_component>
      <object_component id="oc-54">
         <name>EPwm1RegsFile</name>
         <uninitialized>true</uninitialized>
         <run_address>0x6800</run_address>
         <size>0x3a</size>
         <input_file_ref idref="fl-2"/>
      </object_component>
      <object_component id="oc-52">
         <name>EPwm2RegsFile</name>
         <uninitialized>true</uninitialized>
         <run_address>0x6840</run_address>
         <size>0x3a</size>
         <input_file_ref idref="fl-2"/>
      </object_component>
      <object_component id="oc-51">
         <name>EPwm3RegsFile</name>
         <uninitialized>true</uninitialized>
         <run_address>0x6880</run_address>
         <size>0x3a</size>
         <input_file_ref idref="fl-2"/>
      </object_component>
      <object_component id="oc-53">
         <name>EPwm4RegsFile</name>
         <uninitialized>true</uninitialized>
         <run_address>0x68c0</run_address>
         <size>0x3a</size>
         <input_file_ref idref="fl-2"/>
      </object_component>
      <object_component id="oc-42">
         <name>CsmPwlFile</name>
         <uninitialized>true</uninitialized>
         <run_address>0x3f7ff8</run_address>
         <size>0x8</size>
         <input_file_ref idref="fl-2"/>
      </object_component>
      <object_component id="oc-38">
         <name>PartIdRegsFile</name>
         <uninitialized>true</uninitialized>
         <run_address>0x3d7fff</run_address>
         <size>0x1</size>
         <input_file_ref idref="fl-2"/>
      </object_component>
      <object_component id="oc-36">
         <name>.debug_info</name>
         <load_address>0x0</load_address>
         <run_address>0x0</run_address>
         <size>0xae3e</size>
         <input_file_ref idref="fl-2"/>
      </object_component>
      <object_component id="oc-59">
         <name>.debug_info</name>
         <load_address>0xae3e</load_address>
         <run_address>0xae3e</run_address>
         <size>0x15f1</size>
         <input_file_ref idref="fl-3"/>
      </object_component>
      <object_component id="oc-5f">
         <name>.debug_info</name>
         <load_address>0xc42f</load_address>
         <run_address>0xc42f</run_address>
         <size>0x19a4</size>
         <input_file_ref idref="fl-4"/>
      </object_component>
      <object_component id="oc-64">
         <name>.debug_info</name>
         <load_address>0xddd3</load_address>
         <run_address>0xddd3</run_address>
         <size>0x6314</size>
         <input_file_ref idref="fl-5"/>
      </object_component>
      <object_component id="oc-6a">
         <name>.debug_info</name>
         <load_address>0x140e7</load_address>
         <run_address>0x140e7</run_address>
         <size>0x3833</size>
         <input_file_ref idref="fl-6"/>
      </object_component>
      <object_component id="oc-72">
         <name>.debug_info</name>
         <load_address>0x1791a</load_address>
         <run_address>0x1791a</run_address>
         <size>0x3b8b</size>
         <input_file_ref idref="fl-7"/>
      </object_component>
      <object_component id="oc-79">
         <name>.debug_info</name>
         <load_address>0x1b4a5</load_address>
         <run_address>0x1b4a5</run_address>
         <size>0x11e</size>
         <input_file_ref idref="fl-8"/>
      </object_component>
      <object_component id="oc-7d">
         <name>.debug_info</name>
         <load_address>0x1b5c3</load_address>
         <run_address>0x1b5c3</run_address>
         <size>0x1369</size>
         <input_file_ref idref="fl-9"/>
      </object_component>
      <object_component id="oc-82">
         <name>.debug_info</name>
         <load_address>0x1c92c</load_address>
         <run_address>0x1c92c</run_address>
         <size>0x91c</size>
         <input_file_ref idref="fl-a"/>
      </object_component>
      <object_component id="oc-89">
         <name>.debug_info</name>
         <load_address>0x1d248</load_address>
         <run_address>0x1d248</run_address>
         <size>0xde</size>
         <input_file_ref idref="fl-b"/>
      </object_component>
      <object_component id="oc-8d">
         <name>.debug_info</name>
         <load_address>0x1d326</load_address>
         <run_address>0x1d326</run_address>
         <size>0x17cd</size>
         <input_file_ref idref="fl-c"/>
      </object_component>
      <object_component id="oc-94">
         <name>.debug_info</name>
         <load_address>0x1eaf3</load_address>
         <run_address>0x1eaf3</run_address>
         <size>0xe4</size>
         <input_file_ref idref="fl-d"/>
      </object_component>
      <object_component id="oc-98">
         <name>.debug_info</name>
         <load_address>0x1ebd7</load_address>
         <run_address>0x1ebd7</run_address>
         <size>0x1369</size>
         <input_file_ref idref="fl-e"/>
      </object_component>
      <object_component id="oc-9d">
         <name>.debug_info</name>
         <load_address>0x1ff40</load_address>
         <run_address>0x1ff40</run_address>
         <size>0x1369</size>
         <input_file_ref idref="fl-f"/>
      </object_component>
      <object_component id="oc-a2">
         <name>.debug_info</name>
         <load_address>0x212a9</load_address>
         <run_address>0x212a9</run_address>
         <size>0x1369</size>
         <input_file_ref idref="fl-10"/>
      </object_component>
      <object_component id="oc-a7">
         <name>.debug_info</name>
         <load_address>0x22612</load_address>
         <run_address>0x22612</run_address>
         <size>0x1368</size>
         <input_file_ref idref="fl-11"/>
      </object_component>
      <object_component id="oc-ac">
         <name>.debug_info</name>
         <load_address>0x2397a</load_address>
         <run_address>0x2397a</run_address>
         <size>0x2c0</size>
         <input_file_ref idref="fl-12"/>
      </object_component>
      <object_component id="oc-b1">
         <name>.debug_info</name>
         <load_address>0x23c3a</load_address>
         <run_address>0x23c3a</run_address>
         <size>0x10e6</size>
         <input_file_ref idref="fl-13"/>
      </object_component>
      <object_component id="oc-b6">
         <name>.debug_info</name>
         <load_address>0x24d20</load_address>
         <run_address>0x24d20</run_address>
         <size>0xaab</size>
         <input_file_ref idref="fl-14"/>
      </object_component>
      <object_component id="oc-bb">
         <name>.debug_info</name>
         <load_address>0x257cb</load_address>
         <run_address>0x257cb</run_address>
         <size>0x1e7c</size>
         <input_file_ref idref="fl-15"/>
      </object_component>
      <object_component id="oc-c0">
         <name>.debug_info</name>
         <load_address>0x27647</load_address>
         <run_address>0x27647</run_address>
         <size>0x1368</size>
         <input_file_ref idref="fl-16"/>
      </object_component>
      <object_component id="oc-c5">
         <name>.debug_info</name>
         <load_address>0x289af</load_address>
         <run_address>0x289af</run_address>
         <size>0x1368</size>
         <input_file_ref idref="fl-17"/>
      </object_component>
      <object_component id="oc-ca">
         <name>.debug_info</name>
         <load_address>0x29d17</load_address>
         <run_address>0x29d17</run_address>
         <size>0x2f60</size>
         <input_file_ref idref="fl-18"/>
      </object_component>
      <object_component id="oc-cf">
         <name>.debug_info</name>
         <load_address>0x2cc77</load_address>
         <run_address>0x2cc77</run_address>
         <size>0x2cc</size>
         <input_file_ref idref="fl-19"/>
      </object_component>
      <object_component id="oc-d5">
         <name>.debug_info</name>
         <load_address>0x2cf43</load_address>
         <run_address>0x2cf43</run_address>
         <size>0xe0</size>
         <input_file_ref idref="fl-1a"/>
      </object_component>
      <object_component id="oc-db">
         <name>.debug_info</name>
         <load_address>0x2d023</load_address>
         <run_address>0x2d023</run_address>
         <size>0x16b</size>
         <input_file_ref idref="fl-2b"/>
      </object_component>
      <object_component id="oc-e0">
         <name>.debug_info</name>
         <load_address>0x2d18e</load_address>
         <run_address>0x2d18e</run_address>
         <size>0x10c</size>
         <input_file_ref idref="fl-2c"/>
      </object_component>
      <object_component id="oc-e5">
         <name>.debug_info</name>
         <load_address>0x2d29a</load_address>
         <run_address>0x2d29a</run_address>
         <size>0x10c</size>
         <input_file_ref idref="fl-2d"/>
      </object_component>
      <object_component id="oc-ea">
         <name>.debug_info</name>
         <load_address>0x2d3a6</load_address>
         <run_address>0x2d3a6</run_address>
         <size>0x118</size>
         <input_file_ref idref="fl-2e"/>
      </object_component>
      <object_component id="oc-ef">
         <name>.debug_info</name>
         <load_address>0x2d4be</load_address>
         <run_address>0x2d4be</run_address>
         <size>0x139</size>
         <input_file_ref idref="fl-2f"/>
      </object_component>
      <object_component id="oc-f4">
         <name>.debug_info</name>
         <load_address>0x2d5f7</load_address>
         <run_address>0x2d5f7</run_address>
         <size>0x110</size>
         <input_file_ref idref="fl-30"/>
      </object_component>
      <object_component id="oc-f8">
         <name>.debug_info</name>
         <load_address>0x2d707</load_address>
         <run_address>0x2d707</run_address>
         <size>0x4cd</size>
         <input_file_ref idref="fl-31"/>
      </object_component>
      <object_component id="oc-fd">
         <name>.debug_info</name>
         <load_address>0x2dbd4</load_address>
         <run_address>0x2dbd4</run_address>
         <size>0x3c8</size>
         <input_file_ref idref="fl-32"/>
      </object_component>
      <object_component id="oc-102">
         <name>.debug_info</name>
         <load_address>0x2df9c</load_address>
         <run_address>0x2df9c</run_address>
         <size>0x33b</size>
         <input_file_ref idref="fl-33"/>
      </object_component>
      <object_component id="oc-107">
         <name>.debug_info</name>
         <load_address>0x2e2d7</load_address>
         <run_address>0x2e2d7</run_address>
         <size>0x338</size>
         <input_file_ref idref="fl-34"/>
      </object_component>
      <object_component id="oc-10c">
         <name>.debug_info</name>
         <load_address>0x2e60f</load_address>
         <run_address>0x2e60f</run_address>
         <size>0x4d2</size>
         <input_file_ref idref="fl-35"/>
      </object_component>
      <object_component id="oc-113">
         <name>.debug_info</name>
         <load_address>0x2eae1</load_address>
         <run_address>0x2eae1</run_address>
         <size>0x45a</size>
         <input_file_ref idref="fl-36"/>
      </object_component>
      <object_component id="oc-118">
         <name>.debug_info</name>
         <load_address>0x2ef3b</load_address>
         <run_address>0x2ef3b</run_address>
         <size>0x3f5</size>
         <input_file_ref idref="fl-37"/>
      </object_component>
      <object_component id="oc-16f">
         <name>.debug_info</name>
         <load_address>0x2f330</load_address>
         <run_address>0x2f330</run_address>
         <size>0x8b</size>
      </object_component>
      <object_component id="oc-58">
         <name>.debug_abbrev</name>
         <load_address>0x0</load_address>
         <run_address>0x0</run_address>
         <size>0xb7</size>
         <input_file_ref idref="fl-2"/>
      </object_component>
      <object_component id="oc-5d">
         <name>.debug_abbrev</name>
         <load_address>0xb7</load_address>
         <run_address>0xb7</run_address>
         <size>0x183</size>
         <input_file_ref idref="fl-3"/>
      </object_component>
      <object_component id="oc-62">
         <name>.debug_abbrev</name>
         <load_address>0x23a</load_address>
         <run_address>0x23a</run_address>
         <size>0x11d</size>
         <input_file_ref idref="fl-4"/>
      </object_component>
      <object_component id="oc-68">
         <name>.debug_abbrev</name>
         <load_address>0x357</load_address>
         <run_address>0x357</run_address>
         <size>0x13a</size>
         <input_file_ref idref="fl-5"/>
      </object_component>
      <object_component id="oc-70">
         <name>.debug_abbrev</name>
         <load_address>0x491</load_address>
         <run_address>0x491</run_address>
         <size>0x187</size>
         <input_file_ref idref="fl-6"/>
      </object_component>
      <object_component id="oc-75">
         <name>.debug_abbrev</name>
         <load_address>0x618</load_address>
         <run_address>0x618</run_address>
         <size>0x155</size>
         <input_file_ref idref="fl-7"/>
      </object_component>
      <object_component id="oc-7b">
         <name>.debug_abbrev</name>
         <load_address>0x76d</load_address>
         <run_address>0x76d</run_address>
         <size>0x21</size>
         <input_file_ref idref="fl-8"/>
      </object_component>
      <object_component id="oc-80">
         <name>.debug_abbrev</name>
         <load_address>0x78e</load_address>
         <run_address>0x78e</run_address>
         <size>0xea</size>
         <input_file_ref idref="fl-9"/>
      </object_component>
      <object_component id="oc-86">
         <name>.debug_abbrev</name>
         <load_address>0x878</load_address>
         <run_address>0x878</run_address>
         <size>0x112</size>
         <input_file_ref idref="fl-a"/>
      </object_component>
      <object_component id="oc-8b">
         <name>.debug_abbrev</name>
         <load_address>0x98a</load_address>
         <run_address>0x98a</run_address>
         <size>0x2f</size>
         <input_file_ref idref="fl-b"/>
      </object_component>
      <object_component id="oc-91">
         <name>.debug_abbrev</name>
         <load_address>0x9b9</load_address>
         <run_address>0x9b9</run_address>
         <size>0xde</size>
         <input_file_ref idref="fl-c"/>
      </object_component>
      <object_component id="oc-96">
         <name>.debug_abbrev</name>
         <load_address>0xa97</load_address>
         <run_address>0xa97</run_address>
         <size>0x2f</size>
         <input_file_ref idref="fl-d"/>
      </object_component>
      <object_component id="oc-9b">
         <name>.debug_abbrev</name>
         <load_address>0xac6</load_address>
         <run_address>0xac6</run_address>
         <size>0xdc</size>
         <input_file_ref idref="fl-e"/>
      </object_component>
      <object_component id="oc-a0">
         <name>.debug_abbrev</name>
         <load_address>0xba2</load_address>
         <run_address>0xba2</run_address>
         <size>0xea</size>
         <input_file_ref idref="fl-f"/>
      </object_component>
      <object_component id="oc-a5">
         <name>.debug_abbrev</name>
         <load_address>0xc8c</load_address>
         <run_address>0xc8c</run_address>
         <size>0xdc</size>
         <input_file_ref idref="fl-10"/>
      </object_component>
      <object_component id="oc-aa">
         <name>.debug_abbrev</name>
         <load_address>0xd68</load_address>
         <run_address>0xd68</run_address>
         <size>0xdc</size>
         <input_file_ref idref="fl-11"/>
      </object_component>
      <object_component id="oc-af">
         <name>.debug_abbrev</name>
         <load_address>0xe44</load_address>
         <run_address>0xe44</run_address>
         <size>0xa3</size>
         <input_file_ref idref="fl-12"/>
      </object_component>
      <object_component id="oc-b4">
         <name>.debug_abbrev</name>
         <load_address>0xee7</load_address>
         <run_address>0xee7</run_address>
         <size>0x145</size>
         <input_file_ref idref="fl-13"/>
      </object_component>
      <object_component id="oc-b9">
         <name>.debug_abbrev</name>
         <load_address>0x102c</load_address>
         <run_address>0x102c</run_address>
         <size>0xc8</size>
         <input_file_ref idref="fl-14"/>
      </object_component>
      <object_component id="oc-be">
         <name>.debug_abbrev</name>
         <load_address>0x10f4</load_address>
         <run_address>0x10f4</run_address>
         <size>0x116</size>
         <input_file_ref idref="fl-15"/>
      </object_component>
      <object_component id="oc-c3">
         <name>.debug_abbrev</name>
         <load_address>0x120a</load_address>
         <run_address>0x120a</run_address>
         <size>0xdc</size>
         <input_file_ref idref="fl-16"/>
      </object_component>
      <object_component id="oc-c8">
         <name>.debug_abbrev</name>
         <load_address>0x12e6</load_address>
         <run_address>0x12e6</run_address>
         <size>0xdc</size>
         <input_file_ref idref="fl-17"/>
      </object_component>
      <object_component id="oc-cd">
         <name>.debug_abbrev</name>
         <load_address>0x13c2</load_address>
         <run_address>0x13c2</run_address>
         <size>0x1aa</size>
         <input_file_ref idref="fl-18"/>
      </object_component>
      <object_component id="oc-d2">
         <name>.debug_abbrev</name>
         <load_address>0x156c</load_address>
         <run_address>0x156c</run_address>
         <size>0xab</size>
         <input_file_ref idref="fl-19"/>
      </object_component>
      <object_component id="oc-d7">
         <name>.debug_abbrev</name>
         <load_address>0x1617</load_address>
         <run_address>0x1617</run_address>
         <size>0x2f</size>
         <input_file_ref idref="fl-1a"/>
      </object_component>
      <object_component id="oc-dd">
         <name>.debug_abbrev</name>
         <load_address>0x1646</load_address>
         <run_address>0x1646</run_address>
         <size>0x46</size>
         <input_file_ref idref="fl-2b"/>
      </object_component>
      <object_component id="oc-e2">
         <name>.debug_abbrev</name>
         <load_address>0x168c</load_address>
         <run_address>0x168c</run_address>
         <size>0x38</size>
         <input_file_ref idref="fl-2c"/>
      </object_component>
      <object_component id="oc-e7">
         <name>.debug_abbrev</name>
         <load_address>0x16c4</load_address>
         <run_address>0x16c4</run_address>
         <size>0x38</size>
         <input_file_ref idref="fl-2d"/>
      </object_component>
      <object_component id="oc-ec">
         <name>.debug_abbrev</name>
         <load_address>0x16fc</load_address>
         <run_address>0x16fc</run_address>
         <size>0x38</size>
         <input_file_ref idref="fl-2e"/>
      </object_component>
      <object_component id="oc-f1">
         <name>.debug_abbrev</name>
         <load_address>0x1734</load_address>
         <run_address>0x1734</run_address>
         <size>0x38</size>
         <input_file_ref idref="fl-2f"/>
      </object_component>
      <object_component id="oc-f6">
         <name>.debug_abbrev</name>
         <load_address>0x176c</load_address>
         <run_address>0x176c</run_address>
         <size>0x38</size>
         <input_file_ref idref="fl-30"/>
      </object_component>
      <object_component id="oc-fb">
         <name>.debug_abbrev</name>
         <load_address>0x17a4</load_address>
         <run_address>0x17a4</run_address>
         <size>0xe3</size>
         <input_file_ref idref="fl-31"/>
      </object_component>
      <object_component id="oc-100">
         <name>.debug_abbrev</name>
         <load_address>0x1887</load_address>
         <run_address>0x1887</run_address>
         <size>0xa8</size>
         <input_file_ref idref="fl-32"/>
      </object_component>
      <object_component id="oc-105">
         <name>.debug_abbrev</name>
         <load_address>0x192f</load_address>
         <run_address>0x192f</run_address>
         <size>0x68</size>
         <input_file_ref idref="fl-33"/>
      </object_component>
      <object_component id="oc-10a">
         <name>.debug_abbrev</name>
         <load_address>0x1997</load_address>
         <run_address>0x1997</run_address>
         <size>0x66</size>
         <input_file_ref idref="fl-34"/>
      </object_component>
      <object_component id="oc-111">
         <name>.debug_abbrev</name>
         <load_address>0x19fd</load_address>
         <run_address>0x19fd</run_address>
         <size>0x130</size>
         <input_file_ref idref="fl-35"/>
      </object_component>
      <object_component id="oc-116">
         <name>.debug_abbrev</name>
         <load_address>0x1b2d</load_address>
         <run_address>0x1b2d</run_address>
         <size>0xb2</size>
         <input_file_ref idref="fl-36"/>
      </object_component>
      <object_component id="oc-11b">
         <name>.debug_abbrev</name>
         <load_address>0x1bdf</load_address>
         <run_address>0x1bdf</run_address>
         <size>0xee</size>
         <input_file_ref idref="fl-37"/>
      </object_component>
      <object_component id="oc-170">
         <name>.debug_abbrev</name>
         <load_address>0x1ccd</load_address>
         <run_address>0x1ccd</run_address>
         <size>0xf</size>
      </object_component>
      <object_component id="oc-5b">
         <name>.debug_frame</name>
         <load_address>0x0</load_address>
         <run_address>0x0</run_address>
         <size>0x20</size>
         <input_file_ref idref="fl-3"/>
      </object_component>
      <object_component id="oc-60">
         <name>.debug_frame</name>
         <load_address>0x20</load_address>
         <run_address>0x20</run_address>
         <size>0xb0</size>
         <input_file_ref idref="fl-4"/>
      </object_component>
      <object_component id="oc-66">
         <name>.debug_frame</name>
         <load_address>0xd0</load_address>
         <run_address>0xd0</run_address>
         <size>0x7c</size>
         <input_file_ref idref="fl-5"/>
      </object_component>
      <object_component id="oc-6e">
         <name>.debug_frame</name>
         <load_address>0x14c</load_address>
         <run_address>0x14c</run_address>
         <size>0xdc</size>
         <input_file_ref idref="fl-6"/>
      </object_component>
      <object_component id="oc-73">
         <name>.debug_frame</name>
         <load_address>0x228</load_address>
         <run_address>0x228</run_address>
         <size>0x20</size>
         <input_file_ref idref="fl-7"/>
      </object_component>
      <object_component id="oc-7e">
         <name>.debug_frame</name>
         <load_address>0x248</load_address>
         <run_address>0x248</run_address>
         <size>0x20</size>
         <input_file_ref idref="fl-9"/>
      </object_component>
      <object_component id="oc-84">
         <name>.debug_frame</name>
         <load_address>0x268</load_address>
         <run_address>0x268</run_address>
         <size>0x5c</size>
         <input_file_ref idref="fl-a"/>
      </object_component>
      <object_component id="oc-8f">
         <name>.debug_frame</name>
         <load_address>0x2c4</load_address>
         <run_address>0x2c4</run_address>
         <size>0x4e8</size>
         <input_file_ref idref="fl-c"/>
      </object_component>
      <object_component id="oc-99">
         <name>.debug_frame</name>
         <load_address>0x7ac</load_address>
         <run_address>0x7ac</run_address>
         <size>0x20</size>
         <input_file_ref idref="fl-e"/>
      </object_component>
      <object_component id="oc-9e">
         <name>.debug_frame</name>
         <load_address>0x7cc</load_address>
         <run_address>0x7cc</run_address>
         <size>0x20</size>
         <input_file_ref idref="fl-f"/>
      </object_component>
      <object_component id="oc-a3">
         <name>.debug_frame</name>
         <load_address>0x7ec</load_address>
         <run_address>0x7ec</run_address>
         <size>0x20</size>
         <input_file_ref idref="fl-10"/>
      </object_component>
      <object_component id="oc-a8">
         <name>.debug_frame</name>
         <load_address>0x80c</load_address>
         <run_address>0x80c</run_address>
         <size>0x20</size>
         <input_file_ref idref="fl-11"/>
      </object_component>
      <object_component id="oc-ad">
         <name>.debug_frame</name>
         <load_address>0x82c</load_address>
         <run_address>0x82c</run_address>
         <size>0x20</size>
         <input_file_ref idref="fl-12"/>
      </object_component>
      <object_component id="oc-b2">
         <name>.debug_frame</name>
         <load_address>0x84c</load_address>
         <run_address>0x84c</run_address>
         <size>0x20</size>
         <input_file_ref idref="fl-13"/>
      </object_component>
      <object_component id="oc-b7">
         <name>.debug_frame</name>
         <load_address>0x86c</load_address>
         <run_address>0x86c</run_address>
         <size>0x50</size>
         <input_file_ref idref="fl-14"/>
      </object_component>
      <object_component id="oc-bc">
         <name>.debug_frame</name>
         <load_address>0x8bc</load_address>
         <run_address>0x8bc</run_address>
         <size>0x38</size>
         <input_file_ref idref="fl-15"/>
      </object_component>
      <object_component id="oc-c1">
         <name>.debug_frame</name>
         <load_address>0x8f4</load_address>
         <run_address>0x8f4</run_address>
         <size>0x20</size>
         <input_file_ref idref="fl-16"/>
      </object_component>
      <object_component id="oc-c6">
         <name>.debug_frame</name>
         <load_address>0x914</load_address>
         <run_address>0x914</run_address>
         <size>0x20</size>
         <input_file_ref idref="fl-17"/>
      </object_component>
      <object_component id="oc-cb">
         <name>.debug_frame</name>
         <load_address>0x934</load_address>
         <run_address>0x934</run_address>
         <size>0x12c</size>
         <input_file_ref idref="fl-18"/>
      </object_component>
      <object_component id="oc-d0">
         <name>.debug_frame</name>
         <load_address>0xa60</load_address>
         <run_address>0xa60</run_address>
         <size>0x20</size>
         <input_file_ref idref="fl-19"/>
      </object_component>
      <object_component id="oc-f9">
         <name>.debug_frame</name>
         <load_address>0xa80</load_address>
         <run_address>0xa80</run_address>
         <size>0x58</size>
         <input_file_ref idref="fl-31"/>
      </object_component>
      <object_component id="oc-fe">
         <name>.debug_frame</name>
         <load_address>0xad8</load_address>
         <run_address>0xad8</run_address>
         <size>0x38</size>
         <input_file_ref idref="fl-32"/>
      </object_component>
      <object_component id="oc-103">
         <name>.debug_frame</name>
         <load_address>0xb10</load_address>
         <run_address>0xb10</run_address>
         <size>0x38</size>
         <input_file_ref idref="fl-33"/>
      </object_component>
      <object_component id="oc-108">
         <name>.debug_frame</name>
         <load_address>0xb48</load_address>
         <run_address>0xb48</run_address>
         <size>0x38</size>
         <input_file_ref idref="fl-34"/>
      </object_component>
      <object_component id="oc-10f">
         <name>.debug_frame</name>
         <load_address>0xb80</load_address>
         <run_address>0xb80</run_address>
         <size>0x58</size>
         <input_file_ref idref="fl-35"/>
      </object_component>
      <object_component id="oc-114">
         <name>.debug_frame</name>
         <load_address>0xbd8</load_address>
         <run_address>0xbd8</run_address>
         <size>0x68</size>
         <input_file_ref idref="fl-36"/>
      </object_component>
      <object_component id="oc-119">
         <name>.debug_frame</name>
         <load_address>0xc40</load_address>
         <run_address>0xc40</run_address>
         <size>0x38</size>
         <input_file_ref idref="fl-37"/>
      </object_component>
      <object_component id="oc-5c">
         <name>.debug_line</name>
         <load_address>0x0</load_address>
         <run_address>0x0</run_address>
         <size>0x29</size>
         <input_file_ref idref="fl-3"/>
      </object_component>
      <object_component id="oc-61">
         <name>.debug_line</name>
         <load_address>0x29</load_address>
         <run_address>0x29</run_address>
         <size>0xe5</size>
         <input_file_ref idref="fl-4"/>
      </object_component>
      <object_component id="oc-67">
         <name>.debug_line</name>
         <load_address>0x10e</load_address>
         <run_address>0x10e</run_address>
         <size>0x54</size>
         <input_file_ref idref="fl-5"/>
      </object_component>
      <object_component id="oc-6f">
         <name>.debug_line</name>
         <load_address>0x162</load_address>
         <run_address>0x162</run_address>
         <size>0x16f</size>
         <input_file_ref idref="fl-6"/>
      </object_component>
      <object_component id="oc-74">
         <name>.debug_line</name>
         <load_address>0x2d1</load_address>
         <run_address>0x2d1</run_address>
         <size>0x39</size>
         <input_file_ref idref="fl-7"/>
      </object_component>
      <object_component id="oc-7a">
         <name>.debug_line</name>
         <load_address>0x30a</load_address>
         <run_address>0x30a</run_address>
         <size>0x68</size>
         <input_file_ref idref="fl-8"/>
      </object_component>
      <object_component id="oc-7f">
         <name>.debug_line</name>
         <load_address>0x372</load_address>
         <run_address>0x372</run_address>
         <size>0x3a</size>
         <input_file_ref idref="fl-9"/>
      </object_component>
      <object_component id="oc-85">
         <name>.debug_line</name>
         <load_address>0x3ac</load_address>
         <run_address>0x3ac</run_address>
         <size>0x9f</size>
         <input_file_ref idref="fl-a"/>
      </object_component>
      <object_component id="oc-8a">
         <name>.debug_line</name>
         <load_address>0x44b</load_address>
         <run_address>0x44b</run_address>
         <size>0x4e</size>
         <input_file_ref idref="fl-b"/>
      </object_component>
      <object_component id="oc-90">
         <name>.debug_line</name>
         <load_address>0x499</load_address>
         <run_address>0x499</run_address>
         <size>0x497</size>
         <input_file_ref idref="fl-c"/>
      </object_component>
      <object_component id="oc-95">
         <name>.debug_line</name>
         <load_address>0x930</load_address>
         <run_address>0x930</run_address>
         <size>0x52</size>
         <input_file_ref idref="fl-d"/>
      </object_component>
      <object_component id="oc-9a">
         <name>.debug_line</name>
         <load_address>0x982</load_address>
         <run_address>0x982</run_address>
         <size>0x3a</size>
         <input_file_ref idref="fl-e"/>
      </object_component>
      <object_component id="oc-9f">
         <name>.debug_line</name>
         <load_address>0x9bc</load_address>
         <run_address>0x9bc</run_address>
         <size>0x3a</size>
         <input_file_ref idref="fl-f"/>
      </object_component>
      <object_component id="oc-a4">
         <name>.debug_line</name>
         <load_address>0x9f6</load_address>
         <run_address>0x9f6</run_address>
         <size>0x3a</size>
         <input_file_ref idref="fl-10"/>
      </object_component>
      <object_component id="oc-a9">
         <name>.debug_line</name>
         <load_address>0xa30</load_address>
         <run_address>0xa30</run_address>
         <size>0x39</size>
         <input_file_ref idref="fl-11"/>
      </object_component>
      <object_component id="oc-ae">
         <name>.debug_line</name>
         <load_address>0xa69</load_address>
         <run_address>0xa69</run_address>
         <size>0x3d</size>
         <input_file_ref idref="fl-12"/>
      </object_component>
      <object_component id="oc-b3">
         <name>.debug_line</name>
         <load_address>0xaa6</load_address>
         <run_address>0xaa6</run_address>
         <size>0x3d</size>
         <input_file_ref idref="fl-13"/>
      </object_component>
      <object_component id="oc-b8">
         <name>.debug_line</name>
         <load_address>0xae3</load_address>
         <run_address>0xae3</run_address>
         <size>0x83</size>
         <input_file_ref idref="fl-14"/>
      </object_component>
      <object_component id="oc-bd">
         <name>.debug_line</name>
         <load_address>0xb66</load_address>
         <run_address>0xb66</run_address>
         <size>0x5d</size>
         <input_file_ref idref="fl-15"/>
      </object_component>
      <object_component id="oc-c2">
         <name>.debug_line</name>
         <load_address>0xbc3</load_address>
         <run_address>0xbc3</run_address>
         <size>0x39</size>
         <input_file_ref idref="fl-16"/>
      </object_component>
      <object_component id="oc-c7">
         <name>.debug_line</name>
         <load_address>0xbfc</load_address>
         <run_address>0xbfc</run_address>
         <size>0x39</size>
         <input_file_ref idref="fl-17"/>
      </object_component>
      <object_component id="oc-cc">
         <name>.debug_line</name>
         <load_address>0xc35</load_address>
         <run_address>0xc35</run_address>
         <size>0x1bd</size>
         <input_file_ref idref="fl-18"/>
      </object_component>
      <object_component id="oc-d1">
         <name>.debug_line</name>
         <load_address>0xdf2</load_address>
         <run_address>0xdf2</run_address>
         <size>0x44</size>
         <input_file_ref idref="fl-19"/>
      </object_component>
      <object_component id="oc-d6">
         <name>.debug_line</name>
         <load_address>0xe36</load_address>
         <run_address>0xe36</run_address>
         <size>0x4f</size>
         <input_file_ref idref="fl-1a"/>
      </object_component>
      <object_component id="oc-dc">
         <name>.debug_line</name>
         <load_address>0xe85</load_address>
         <run_address>0xe85</run_address>
         <size>0x7d</size>
         <input_file_ref idref="fl-2b"/>
      </object_component>
      <object_component id="oc-e1">
         <name>.debug_line</name>
         <load_address>0xf02</load_address>
         <run_address>0xf02</run_address>
         <size>0xa9</size>
         <input_file_ref idref="fl-2c"/>
      </object_component>
      <object_component id="oc-e6">
         <name>.debug_line</name>
         <load_address>0xfab</load_address>
         <run_address>0xfab</run_address>
         <size>0x8d</size>
         <input_file_ref idref="fl-2d"/>
      </object_component>
      <object_component id="oc-eb">
         <name>.debug_line</name>
         <load_address>0x1038</load_address>
         <run_address>0x1038</run_address>
         <size>0x60</size>
         <input_file_ref idref="fl-2e"/>
      </object_component>
      <object_component id="oc-f0">
         <name>.debug_line</name>
         <load_address>0x1098</load_address>
         <run_address>0x1098</run_address>
         <size>0x69</size>
         <input_file_ref idref="fl-2f"/>
      </object_component>
      <object_component id="oc-f5">
         <name>.debug_line</name>
         <load_address>0x1101</load_address>
         <run_address>0x1101</run_address>
         <size>0x49</size>
         <input_file_ref idref="fl-30"/>
      </object_component>
      <object_component id="oc-fa">
         <name>.debug_line</name>
         <load_address>0x114a</load_address>
         <run_address>0x114a</run_address>
         <size>0x50</size>
         <input_file_ref idref="fl-31"/>
      </object_component>
      <object_component id="oc-ff">
         <name>.debug_line</name>
         <load_address>0x119a</load_address>
         <run_address>0x119a</run_address>
         <size>0x62</size>
         <input_file_ref idref="fl-32"/>
      </object_component>
      <object_component id="oc-104">
         <name>.debug_line</name>
         <load_address>0x11fc</load_address>
         <run_address>0x11fc</run_address>
         <size>0x3e</size>
         <input_file_ref idref="fl-33"/>
      </object_component>
      <object_component id="oc-109">
         <name>.debug_line</name>
         <load_address>0x123a</load_address>
         <run_address>0x123a</run_address>
         <size>0x3a</size>
         <input_file_ref idref="fl-34"/>
      </object_component>
      <object_component id="oc-110">
         <name>.debug_line</name>
         <load_address>0x1274</load_address>
         <run_address>0x1274</run_address>
         <size>0x65</size>
         <input_file_ref idref="fl-35"/>
      </object_component>
      <object_component id="oc-115">
         <name>.debug_line</name>
         <load_address>0x12d9</load_address>
         <run_address>0x12d9</run_address>
         <size>0x5e</size>
         <input_file_ref idref="fl-36"/>
      </object_component>
      <object_component id="oc-11a">
         <name>.debug_line</name>
         <load_address>0x1337</load_address>
         <run_address>0x1337</run_address>
         <size>0x55</size>
         <input_file_ref idref="fl-37"/>
      </object_component>
      <object_component id="oc-5e">
         <name>.debug_aranges</name>
         <load_address>0x0</load_address>
         <run_address>0x0</run_address>
         <size>0x18</size>
         <input_file_ref idref="fl-3"/>
      </object_component>
      <object_component id="oc-63">
         <name>.debug_aranges</name>
         <load_address>0x18</load_address>
         <run_address>0x18</run_address>
         <size>0x48</size>
         <input_file_ref idref="fl-4"/>
      </object_component>
      <object_component id="oc-69">
         <name>.debug_aranges</name>
         <load_address>0x60</load_address>
         <run_address>0x60</run_address>
         <size>0x20</size>
         <input_file_ref idref="fl-5"/>
      </object_component>
      <object_component id="oc-71">
         <name>.debug_aranges</name>
         <load_address>0x80</load_address>
         <run_address>0x80</run_address>
         <size>0x40</size>
         <input_file_ref idref="fl-6"/>
      </object_component>
      <object_component id="oc-76">
         <name>.debug_aranges</name>
         <load_address>0xc0</load_address>
         <run_address>0xc0</run_address>
         <size>0x18</size>
         <input_file_ref idref="fl-7"/>
      </object_component>
      <object_component id="oc-7c">
         <name>.debug_aranges</name>
         <load_address>0xd8</load_address>
         <run_address>0xd8</run_address>
         <size>0x28</size>
         <input_file_ref idref="fl-8"/>
      </object_component>
      <object_component id="oc-81">
         <name>.debug_aranges</name>
         <load_address>0x100</load_address>
         <run_address>0x100</run_address>
         <size>0x18</size>
         <input_file_ref idref="fl-9"/>
      </object_component>
      <object_component id="oc-87">
         <name>.debug_aranges</name>
         <load_address>0x118</load_address>
         <run_address>0x118</run_address>
         <size>0x28</size>
         <input_file_ref idref="fl-a"/>
      </object_component>
      <object_component id="oc-8c">
         <name>.debug_aranges</name>
         <load_address>0x140</load_address>
         <run_address>0x140</run_address>
         <size>0x20</size>
         <input_file_ref idref="fl-b"/>
      </object_component>
      <object_component id="oc-92">
         <name>.debug_aranges</name>
         <load_address>0x160</load_address>
         <run_address>0x160</run_address>
         <size>0x1b0</size>
         <input_file_ref idref="fl-c"/>
      </object_component>
      <object_component id="oc-97">
         <name>.debug_aranges</name>
         <load_address>0x310</load_address>
         <run_address>0x310</run_address>
         <size>0x20</size>
         <input_file_ref idref="fl-d"/>
      </object_component>
      <object_component id="oc-9c">
         <name>.debug_aranges</name>
         <load_address>0x330</load_address>
         <run_address>0x330</run_address>
         <size>0x18</size>
         <input_file_ref idref="fl-e"/>
      </object_component>
      <object_component id="oc-a1">
         <name>.debug_aranges</name>
         <load_address>0x348</load_address>
         <run_address>0x348</run_address>
         <size>0x18</size>
         <input_file_ref idref="fl-f"/>
      </object_component>
      <object_component id="oc-a6">
         <name>.debug_aranges</name>
         <load_address>0x360</load_address>
         <run_address>0x360</run_address>
         <size>0x18</size>
         <input_file_ref idref="fl-10"/>
      </object_component>
      <object_component id="oc-ab">
         <name>.debug_aranges</name>
         <load_address>0x378</load_address>
         <run_address>0x378</run_address>
         <size>0x18</size>
         <input_file_ref idref="fl-11"/>
      </object_component>
      <object_component id="oc-b0">
         <name>.debug_aranges</name>
         <load_address>0x390</load_address>
         <run_address>0x390</run_address>
         <size>0x18</size>
         <input_file_ref idref="fl-12"/>
      </object_component>
      <object_component id="oc-b5">
         <name>.debug_aranges</name>
         <load_address>0x3a8</load_address>
         <run_address>0x3a8</run_address>
         <size>0x18</size>
         <input_file_ref idref="fl-13"/>
      </object_component>
      <object_component id="oc-ba">
         <name>.debug_aranges</name>
         <load_address>0x3c0</load_address>
         <run_address>0x3c0</run_address>
         <size>0x28</size>
         <input_file_ref idref="fl-14"/>
      </object_component>
      <object_component id="oc-bf">
         <name>.debug_aranges</name>
         <load_address>0x3e8</load_address>
         <run_address>0x3e8</run_address>
         <size>0x20</size>
         <input_file_ref idref="fl-15"/>
      </object_component>
      <object_component id="oc-c4">
         <name>.debug_aranges</name>
         <load_address>0x408</load_address>
         <run_address>0x408</run_address>
         <size>0x18</size>
         <input_file_ref idref="fl-16"/>
      </object_component>
      <object_component id="oc-c9">
         <name>.debug_aranges</name>
         <load_address>0x420</load_address>
         <run_address>0x420</run_address>
         <size>0x18</size>
         <input_file_ref idref="fl-17"/>
      </object_component>
      <object_component id="oc-ce">
         <name>.debug_aranges</name>
         <load_address>0x438</load_address>
         <run_address>0x438</run_address>
         <size>0x70</size>
         <input_file_ref idref="fl-18"/>
      </object_component>
      <object_component id="oc-d3">
         <name>.debug_aranges</name>
         <load_address>0x4a8</load_address>
         <run_address>0x4a8</run_address>
         <size>0x18</size>
         <input_file_ref idref="fl-19"/>
      </object_component>
      <object_component id="oc-d8">
         <name>.debug_aranges</name>
         <load_address>0x4c0</load_address>
         <run_address>0x4c0</run_address>
         <size>0x20</size>
         <input_file_ref idref="fl-1a"/>
      </object_component>
      <object_component id="oc-de">
         <name>.debug_aranges</name>
         <load_address>0x4e0</load_address>
         <run_address>0x4e0</run_address>
         <size>0x20</size>
         <input_file_ref idref="fl-2b"/>
      </object_component>
      <object_component id="oc-e3">
         <name>.debug_aranges</name>
         <load_address>0x500</load_address>
         <run_address>0x500</run_address>
         <size>0x20</size>
         <input_file_ref idref="fl-2c"/>
      </object_component>
      <object_component id="oc-e8">
         <name>.debug_aranges</name>
         <load_address>0x520</load_address>
         <run_address>0x520</run_address>
         <size>0x20</size>
         <input_file_ref idref="fl-2d"/>
      </object_component>
      <object_component id="oc-ed">
         <name>.debug_aranges</name>
         <load_address>0x540</load_address>
         <run_address>0x540</run_address>
         <size>0x20</size>
         <input_file_ref idref="fl-2e"/>
      </object_component>
      <object_component id="oc-f2">
         <name>.debug_aranges</name>
         <load_address>0x560</load_address>
         <run_address>0x560</run_address>
         <size>0x28</size>
         <input_file_ref idref="fl-2f"/>
      </object_component>
      <object_component id="oc-f7">
         <name>.debug_aranges</name>
         <load_address>0x588</load_address>
         <run_address>0x588</run_address>
         <size>0x20</size>
         <input_file_ref idref="fl-30"/>
      </object_component>
      <object_component id="oc-fc">
         <name>.debug_aranges</name>
         <load_address>0x5a8</load_address>
         <run_address>0x5a8</run_address>
         <size>0x20</size>
         <input_file_ref idref="fl-31"/>
      </object_component>
      <object_component id="oc-101">
         <name>.debug_aranges</name>
         <load_address>0x5c8</load_address>
         <run_address>0x5c8</run_address>
         <size>0x20</size>
         <input_file_ref idref="fl-32"/>
      </object_component>
      <object_component id="oc-106">
         <name>.debug_aranges</name>
         <load_address>0x5e8</load_address>
         <run_address>0x5e8</run_address>
         <size>0x20</size>
         <input_file_ref idref="fl-33"/>
      </object_component>
      <object_component id="oc-10b">
         <name>.debug_aranges</name>
         <load_address>0x608</load_address>
         <run_address>0x608</run_address>
         <size>0x20</size>
         <input_file_ref idref="fl-34"/>
      </object_component>
      <object_component id="oc-112">
         <name>.debug_aranges</name>
         <load_address>0x628</load_address>
         <run_address>0x628</run_address>
         <size>0x28</size>
         <input_file_ref idref="fl-35"/>
      </object_component>
      <object_component id="oc-117">
         <name>.debug_aranges</name>
         <load_address>0x650</load_address>
         <run_address>0x650</run_address>
         <size>0x30</size>
         <input_file_ref idref="fl-36"/>
      </object_component>
      <object_component id="oc-11c">
         <name>.debug_aranges</name>
         <load_address>0x680</load_address>
         <run_address>0x680</run_address>
         <size>0x20</size>
         <input_file_ref idref="fl-37"/>
      </object_component>
      <object_component id="oc-d4">
         <name>ramfuncs</name>
         <load_address>0x8000</load_address>
         <run_address>0x8000</run_address>
         <size>0x4</size>
         <input_file_ref idref="fl-1a"/>
      </object_component>
   </object_component_list>
   <logical_group_list>
      <logical_group id="lg-2" display="no" color="cyan">
         <name>.cinit</name>
         <load_address>0x3f68bd</load_address>
         <run_address>0x3f68bd</run_address>
         <size>0x42</size>
         <contents>
            <object_component_ref idref="oc-6b"/>
            <object_component_ref idref="oc-10d"/>
            <object_component_ref idref="oc-125"/>
            <object_component_ref idref="oc-12c"/>
         </contents>
      </logical_group>
      <logical_group id="lg-3" display="no" color="cyan">
         <name>.pinit</name>
         <run_address>0x0</run_address>
         <size>0x0</size>
         <contents>
         </contents>
      </logical_group>
      <logical_group id="lg-4" display="no" color="cyan">
         <name>.text</name>
         <load_address>0x3f6000</load_address>
         <run_address>0x3f6000</run_address>
         <size>0x7b1</size>
         <contents>
            <object_component_ref idref="oc-126"/>
            <object_component_ref idref="oc-8e"/>
            <object_component_ref idref="oc-122"/>
            <object_component_ref idref="oc-65"/>
            <object_component_ref idref="oc-12a"/>
            <object_component_ref idref="oc-6d"/>
            <object_component_ref idref="oc-df"/>
            <object_component_ref idref="oc-129"/>
            <object_component_ref idref="oc-e4"/>
            <object_component_ref idref="oc-35"/>
            <object_component_ref idref="oc-121"/>
            <object_component_ref idref="oc-e9"/>
            <object_component_ref idref="oc-127"/>
            <object_component_ref idref="oc-11e"/>
            <object_component_ref idref="oc-ee"/>
            <object_component_ref idref="oc-123"/>
            <object_component_ref idref="oc-120"/>
            <object_component_ref idref="oc-128"/>
            <object_component_ref idref="oc-f3"/>
            <object_component_ref idref="oc-12b"/>
            <object_component_ref idref="oc-77"/>
            <object_component_ref idref="oc-93"/>
            <object_component_ref idref="oc-88"/>
            <object_component_ref idref="oc-11d"/>
            <object_component_ref idref="oc-11f"/>
         </contents>
      </logical_group>
      <logical_group id="lg-5" display="no" color="cyan">
         <name>codestart</name>
         <load_address>0x3f7ff6</load_address>
         <run_address>0x3f7ff6</run_address>
         <size>0x2</size>
         <contents>
            <object_component_ref idref="oc-78"/>
         </contents>
      </logical_group>
      <logical_group id="lg-6" display="no" color="cyan">
         <name>csmpasswds</name>
         <run_address>0x0</run_address>
         <size>0x0</size>
         <contents>
         </contents>
      </logical_group>
      <logical_group id="lg-7" display="no" color="cyan">
         <name>csm_rsvd</name>
         <run_address>0x0</run_address>
         <size>0x0</size>
         <contents>
         </contents>
      </logical_group>
      <logical_group id="lg-8" display="no" color="cyan">
         <name>.stack</name>
         <run_address>0x50</run_address>
         <size>0x300</size>
         <contents>
            <object_component_ref idref="oc-d9"/>
            <object_component_ref idref="oc-16e"/>
         </contents>
      </logical_group>
      <logical_group id="lg-9" display="no" color="cyan">
         <name>.ebss</name>
         <run_address>0x8800</run_address>
         <size>0x3a</size>
         <contents>
            <object_component_ref idref="oc-5a"/>
            <object_component_ref idref="oc-6c"/>
            <object_component_ref idref="oc-83"/>
            <object_component_ref idref="oc-10e"/>
            <object_component_ref idref="oc-12f"/>
            <object_component_ref idref="oc-124"/>
         </contents>
      </logical_group>
      <logical_group id="lg-a" display="no" color="cyan">
         <name>.esysmem</name>
         <run_address>0x0</run_address>
         <size>0x0</size>
         <contents>
         </contents>
      </logical_group>
      <logical_group id="lg-b" display="no" color="cyan">
         <name>.econst</name>
         <load_address>0x3f67b2</load_address>
         <run_address>0x3f67b2</run_address>
         <size>0x10b</size>
         <contents>
            <object_component_ref idref="oc-12d"/>
            <object_component_ref idref="oc-12e"/>
         </contents>
      </logical_group>
      <logical_group id="lg-c" display="no" color="cyan">
         <name>.switch</name>
         <run_address>0x0</run_address>
         <size>0x0</size>
         <contents>
         </contents>
      </logical_group>
      <logical_group id="lg-d" display="no" color="cyan">
         <name>IQmath</name>
         <run_address>0x0</run_address>
         <size>0x0</size>
         <contents>
         </contents>
      </logical_group>
      <logical_group id="lg-e" display="no" color="cyan">
         <name>IQmathTables</name>
         <run_address>0x0</run_address>
         <size>0x0</size>
         <contents>
         </contents>
      </logical_group>
      <logical_group id="lg-f" display="no" color="cyan">
         <name>.reset</name>
         <load_address>0x3fffc0</load_address>
         <run_address>0x3fffc0</run_address>
         <size>0x2</size>
         <contents>
            <object_component_ref idref="oc-da"/>
         </contents>
      </logical_group>
      <logical_group id="lg-10" display="no" color="cyan">
         <name>vectors</name>
         <run_address>0x3fffc2</run_address>
         <size>0x0</size>
         <contents>
         </contents>
      </logical_group>
      <logical_group id="lg-12" display="no" color="cyan">
         <name>PieVectTableFile</name>
         <run_address>0xd00</run_address>
         <size>0x100</size>
         <contents>
            <object_component_ref idref="oc-57"/>
         </contents>
      </logical_group>
      <logical_group id="lg-14" display="no" color="cyan">
         <name>EmuKeyVar</name>
         <run_address>0xd00</run_address>
         <size>0x1</size>
         <contents>
            <object_component_ref idref="oc-37"/>
         </contents>
      </logical_group>
      <logical_group id="lg-15" display="no" color="cyan">
         <name>EmuBModeVar</name>
         <run_address>0xd01</run_address>
         <size>0x1</size>
         <contents>
            <object_component_ref idref="oc-39"/>
         </contents>
      </logical_group>
      <logical_group id="lg-16" display="no" color="cyan">
         <name>FlashCallbackVar</name>
         <run_address>0xd02</run_address>
         <size>0x2</size>
         <contents>
            <object_component_ref idref="oc-3b"/>
         </contents>
      </logical_group>
      <logical_group id="lg-17" display="no" color="cyan">
         <name>FlashScalingVar</name>
         <run_address>0xd04</run_address>
         <size>0x2</size>
         <contents>
            <object_component_ref idref="oc-3a"/>
         </contents>
      </logical_group>
      <logical_group id="lg-13" display="no" color="cyan">
         <name>GROUP_2</name>
         <run_address>0xd00</run_address>
         <size>0x6</size>
         <contents>
            <logical_group_ref idref="lg-14"/>
            <logical_group_ref idref="lg-15"/>
            <logical_group_ref idref="lg-16"/>
            <logical_group_ref idref="lg-17"/>
         </contents>
      </logical_group>
[...]
      </symbol>
      <symbol id="sm-116">
         <name>_MyAdcInt1_isr</name>
         <value>0x3f6339</value>
         <object_component_ref idref="oc-65"/>
      </symbol>
      <symbol id="sm-140">
         <name>_secH</name>
         <value>0x8827</value>
         <object_component_ref idref="oc-6c"/>
      </symbol>
      <symbol id="sm-141">
         <name>_secL</name>
         <value>0x8828</value>
         <object_component_ref idref="oc-6c"/>
      </symbol>
      <symbol id="sm-142">
         <name>_main</name>
         <value>0x3f6268</value>
         <object_component_ref idref="oc-122"/>
      </symbol>
      <symbol id="sm-143">
         <name>_Running</name>
         <value>0x8826</value>
         <object_component_ref idref="oc-6c"/>
      </symbol>
      <symbol id="sm-144">
         <name>_hightime</name>
         <value>0x8819</value>
         <object_component_ref idref="oc-6c"/>
      </symbol>
      <symbol id="sm-145">
         <name>_hourH</name>
         <value>0x8824</value>
         <object_component_ref idref="oc-6c"/>
      </symbol>
      <symbol id="sm-146">
         <name>_hourL</name>
         <value>0x8822</value>
         <object_component_ref idref="oc-6c"/>
      </symbol>
      <symbol id="sm-147">
         <name>_NewLedEn</name>
         <value>0x881c</value>
         <object_component_ref idref="oc-6c"/>
      </symbol>
      <symbol id="sm-148">
         <name>_cpu_timer0_isr</name>
         <value>0x3f64a7</value>
         <object_component_ref idref="oc-6d"/>
      </symbol>
      <symbol id="sm-149">
         <name>_period</name>
         <value>0x8818</value>
         <object_component_ref idref="oc-6c"/>
      </symbol>
      <symbol id="sm-14a">
         <name>_LedFlashCtr</name>
         <value>0x881b</value>
         <object_component_ref idref="oc-6c"/>
      </symbol>
      <symbol id="sm-14b">
         <name>_ledtmp</name>
         <value>0x881f</value>
         <object_component_ref idref="oc-6c"/>
      </symbol>
      <symbol id="sm-14c">
         <name>_KeyDLTime</name>
         <value>0x881a</value>
         <object_component_ref idref="oc-6c"/>
      </symbol>
      <symbol id="sm-14d">
         <name>_HorseRunning</name>
         <value>0x3f6318</value>
         <object_component_ref idref="oc-122"/>
      </symbol>
      <symbol id="sm-14e">
         <name>_ADC_GDF</name>
         <value>0x882c</value>
         <object_component_ref idref="oc-6c"/>
      </symbol>
      <symbol id="sm-14f">
         <name>_ADC_GD</name>
         <value>0x881d</value>
         <object_component_ref idref="oc-6c"/>
      </symbol>
      <symbol id="sm-150">
         <name>_ADC_FK</name>
         <value>0x881e</value>
         <object_component_ref idref="oc-6c"/>
      </symbol>
      <symbol id="sm-151">
         <name>_Xint1_Init</name>
         <value>0x3f624b</value>
         <object_component_ref idref="oc-122"/>
      </symbol>
      <symbol id="sm-152">
         <name>_adcptr</name>
         <value>0x8820</value>
         <object_component_ref idref="oc-6c"/>
      </symbol>
      <symbol id="sm-153">
         <name>_minH</name>
         <value>0x8823</value>
         <object_component_ref idref="oc-6c"/>
      </symbol>
      <symbol id="sm-154">
         <name>_minL</name>
         <value>0x8829</value>
         <object_component_ref idref="oc-6c"/>
      </symbol>
      <symbol id="sm-155">
         <name>_ADC_FKF</name>
         <value>0x882a</value>
         <object_component_ref idref="oc-6c"/>
      </symbol>
      <symbol id="sm-156">
         <name>_TenmS</name>
         <value>0x8825</value>
         <object_component_ref idref="oc-6c"/>
      </symbol>
      <symbol id="sm-157">
         <name>_PWM1Prd</name>
         <value>0x8821</value>
         <object_component_ref idref="oc-6c"/>
      </symbol>
      <symbol id="sm-158">
         <name>_myXint1_isr</name>
         <value>0x3f646d</value>
         <object_component_ref idref="oc-6d"/>
      </symbol>
      <symbol id="sm-171">
         <name>code_start</name>
         <value>0x3f7ff6</value>
         <object_component_ref idref="oc-78"/>
      </symbol>
      <symbol id="sm-188">
         <name>_CpuTimer2</name>
         <value>0x8808</value>
         <object_component_ref idref="oc-83"/>
      </symbol>
      <symbol id="sm-189">
         <name>_CpuTimer0</name>
         <value>0x8810</value>
         <object_component_ref idref="oc-83"/>
      </symbol>
      <symbol id="sm-18a">
         <name>_CpuTimer1</name>
         <value>0x8800</value>
         <object_component_ref idref="oc-83"/>
      </symbol>
      <symbol id="sm-18b">
         <name>_InitCpuTimers</name>
         <value>0x3f656c</value>
         <object_component_ref idref="oc-129"/>
      </symbol>
      <symbol id="sm-18c">
         <name>_ConfigCpuTimer</name>
         <value>0x3f65a9</value>
         <object_component_ref idref="oc-129"/>
      </symbol>
      <symbol id="sm-198">
         <name>_SetDBGIER</name>
         <value>0x3f67ab</value>
         <object_component_ref idref="oc-88"/>
      </symbol>
      <symbol id="sm-1d6">
         <name>_ILLEGAL_ISR</name>
         <value>0x3f61d3</value>
         <object_component_ref idref="oc-8e"/>
      </symbol>
      <symbol id="sm-1d7">
         <name>_ADCINT4_ISR</name>
         <value>0x3f6237</value>
         <object_component_ref idref="oc-8e"/>
      </symbol>
      <symbol id="sm-1d8">
         <name>_DATALOG_ISR</name>
         <value>0x3f6219</value>
         <object_component_ref idref="oc-8e"/>
      </symbol>
      <symbol id="sm-1d9">
         <name>_SPITXINTA_ISR</name>
         <value>0x3f61a6</value>
         <object_component_ref idref="oc-8e"/>
      </symbol>
      <symbol id="sm-1da">
         <name>_SPIRXINTA_ISR</name>
         <value>0x3f61ab</value>
         <object_component_ref idref="oc-8e"/>
      </symbol>
      <symbol id="sm-1db">
         <name>_INT13_ISR</name>
         <value>0x3f61ce</value>
         <object_component_ref idref="oc-8e"/>
      </symbol>
      <symbol id="sm-1dc">
         <name>_ADCINT5_ISR</name>
         <value>0x3f6232</value>
         <object_component_ref idref="oc-8e"/>
      </symbol>
      <symbol id="sm-1dd">
         <name>_EPWM4_INT_ISR</name>
         <value>0x3f61e7</value>
         <object_component_ref idref="oc-8e"/>
      </symbol>
      <symbol id="sm-1de">
         <name>_USER5_ISR</name>
         <value>0x3f6179</value>
         <object_component_ref idref="oc-8e"/>
      </symbol>
      <symbol id="sm-1df">
         <name>_EMPTY_ISR</name>
         <value>0x3f620f</value>
         <object_component_ref idref="oc-8e"/>
      </symbol>
      <symbol id="sm-1e0">
         <name>_EPWM4_TZINT_ISR</name>
         <value>0x3f61e2</value>
         <object_component_ref idref="oc-8e"/>
      </symbol>
      <symbol id="sm-1e1">
         <name>_EMUINT_ISR</name>
         <value>0x3f620a</value>
         <object_component_ref idref="oc-8e"/>
      </symbol>
      <symbol id="sm-1e2">
         <name>_ECAP1_INT_ISR</name>
         <value>0x3f6214</value>
         <object_component_ref idref="oc-8e"/>
      </symbol>
      <symbol id="sm-1e3">
         <name>_EPWM1_TZINT_ISR</name>
         <value>0x3f6200</value>
         <object_component_ref idref="oc-8e"/>
      </symbol>
      <symbol id="sm-1e4">
         <name>_ADCINT6_ISR</name>
         <value>0x3f622d</value>
         <object_component_ref idref="oc-8e"/>
      </symbol>
      <symbol id="sm-1e5">
         <name>_ADCINT8_ISR</name>
         <value>0x3f6223</value>
         <object_component_ref idref="oc-8e"/>
      </symbol>
      <symbol id="sm-1e6">
         <name>_USER11_ISR</name>
         <value>0x3f6197</value>
         <object_component_ref idref="oc-8e"/>
      </symbol>
      <symbol id="sm-1e7">
         <name>_EPWM3_TZINT_ISR</name>
         <value>0x3f61ec</value>
         <object_component_ref idref="oc-8e"/>
      </symbol>
      <symbol id="sm-1e8">
         <name>_USER4_ISR</name>
         <value>0x3f617e</value>
         <object_component_ref idref="oc-8e"/>
      </symbol>
      <symbol id="sm-1e9">
         <name>_EPWM2_TZINT_ISR</name>
         <value>0x3f61f6</value>
         <object_component_ref idref="oc-8e"/>
      </symbol>
      <symbol id="sm-1ea">
         <name>_EPWM2_INT_ISR</name>
         <value>0x3f61fb</value>
         <object_component_ref idref="oc-8e"/>
      </symbol>
      <symbol id="sm-1eb">
         <name>_TINT0_ISR</name>
         <value>0x3f61a1</value>
         <object_component_ref idref="oc-8e"/>
      </symbol>
      <symbol id="sm-1ec">
         <name>_WAKEINT_ISR</name>
         <value>0x3f6160</value>
         <object_component_ref idref="oc-8e"/>
      </symbol>
      <symbol id="sm-1ed">
         <name>_ADCINT7_ISR</name>
         <value>0x3f6228</value>
         <object_component_ref idref="oc-8e"/>
      </symbol>
      <symbol id="sm-1ee">
         <name>_ADCINT9_ISR</name>
         <value>0x3f621e</value>
         <object_component_ref idref="oc-8e"/>
      </symbol>
      <symbol id="sm-1ef">
         <name>_USER10_ISR</name>
         <value>0x3f619c</value>
         <object_component_ref idref="oc-8e"/>
      </symbol>
      <symbol id="sm-1f0">
         <name>_USER7_ISR</name>
         <value>0x3f616f</value>
         <object_component_ref idref="oc-8e"/>
      </symbol>
      <symbol id="sm-1f1">
         <name>_XINT1_ISR</name>
         <value>0x3f615b</value>
         <object_component_ref idref="oc-8e"/>
      </symbol>
      <symbol id="sm-1f2">
         <name>_INT14_ISR</name>
         <value>0x3f61c9</value>
         <object_component_ref idref="oc-8e"/>
      </symbol>
      <symbol id="sm-1f3">
         <name>_USER6_ISR</name>
         <value>0x3f6174</value>
         <object_component_ref idref="oc-8e"/>
      </symbol>
      <symbol id="sm-1f4">
         <name>_ADCINT1_ISR</name>
         <value>0x3f6246</value>
         <object_component_ref idref="oc-8e"/>
      </symbol>
      <symbol id="sm-1f5">
         <name>_USER12_ISR</name>
         <value>0x3f6192</value>
         <object_component_ref idref="oc-8e"/>
      </symbol>
      <symbol id="sm-1f6">
         <name>_USER1_ISR</name>
         <value>0x3f618d</value>
         <object_component_ref idref="oc-8e"/>
      </symbol>
      <symbol id="sm-1f7">
         <name>_XINT3_ISR</name>
         <value>0x3f6151</value>
         <object_component_ref idref="oc-8e"/>
      </symbol>
      <symbol id="sm-1f8">
         <name>_NMI_ISR</name>
         <value>0x3f61c4</value>
         <object_component_ref idref="oc-8e"/>
      </symbol>
      <symbol id="sm-1f9">
         <name>_ADCINT2_ISR</name>
         <value>0x3f6241</value>
         <object_component_ref idref="oc-8e"/>
      </symbol>
      <symbol id="sm-1fa">
         <name>_PIE_RESERVED</name>
         <value>0x3f61bf</value>
         <object_component_ref idref="oc-8e"/>
      </symbol>
      <symbol id="sm-1fb">
         <name>_I2CINT1A_ISR</name>
         <value>0x3f61dd</value>
         <object_component_ref idref="oc-8e"/>
      </symbol>
      <symbol id="sm-1fc">
         <name>_XINT2_ISR</name>
         <value>0x3f6156</value>
         <object_component_ref idref="oc-8e"/>
      </symbol>
      <symbol id="sm-1fd">
         <name>_I2CINT2A_ISR</name>
         <value>0x3f61d8</value>
         <object_component_ref idref="oc-8e"/>
      </symbol>
      <symbol id="sm-1fe">
         <name>_RTOSINT_ISR</name>
         <value>0x3f61ba</value>
         <object_component_ref idref="oc-8e"/>
      </symbol>
      <symbol id="sm-1ff">
         <name>_EPWM3_INT_ISR</name>
         <value>0x3f61f1</value>
         <object_component_ref idref="oc-8e"/>
      </symbol>
      <symbol id="sm-200">
         <name>_ADCINT3_ISR</name>
         <value>0x3f623c</value>
         <object_component_ref idref="oc-8e"/>
      </symbol>
      <symbol id="sm-201">
         <name>_USER9_ISR</name>
         <value>0x3f6165</value>
         <object_component_ref idref="oc-8e"/>
      </symbol>
      <symbol id="sm-202">
         <name>_USER3_ISR</name>
         <value>0x3f6183</value>
         <object_component_ref idref="oc-8e"/>
      </symbol>
      <symbol id="sm-203">
         <name>_USER8_ISR</name>
         <value>0x3f616a</value>
         <object_component_ref idref="oc-8e"/>
      </symbol>
      <symbol id="sm-204">
         <name>_EPWM1_INT_ISR</name>
         <value>0x3f6205</value>
         <object_component_ref idref="oc-8e"/>
      </symbol>
      <symbol id="sm-205">
         <name>_USER2_ISR</name>
         <value>0x3f6188</value>
         <object_component_ref idref="oc-8e"/>
      </symbol>
      <symbol id="sm-206">
         <name>_SCITXINTA_ISR</name>
         <value>0x3f61b0</value>
         <object_component_ref idref="oc-8e"/>
      </symbol>
      <symbol id="sm-207">
         <name>_SCIRXINTA_ISR</name>
         <value>0x3f61b5</value>
         <object_component_ref idref="oc-8e"/>
      </symbol>
      <symbol id="sm-208">
         <name>_rsvd_ISR</name>
         <value>0x3f614c</value>
         <object_component_ref idref="oc-8e"/>
      </symbol>
      <symbol id="sm-214">
         <name>_DSP28x_DisableInt</name>
         <value>0x3f67a4</value>
         <object_component_ref idref="oc-93"/>
      </symbol>
      <symbol id="sm-215">
         <name>_DSP28x_RestoreInt</name>
         <value>0x3f67a8</value>
         <object_component_ref idref="oc-93"/>
      </symbol>
      <symbol id="sm-257">
         <name>_InitPieCtrl</name>
         <value>0x3f66ce</value>
         <object_component_ref idref="oc-127"/>
      </symbol>
      <symbol id="sm-258">
         <name>_EnableInterrupts</name>
         <value>0x3f66ed</value>
         <object_component_ref idref="oc-127"/>
      </symbol>
      <symbol id="sm-267">
         <name>_PieVectTableInit</name>
         <value>0x3f67b2</value>
         <object_component_ref idref="oc-12d"/>
      </symbol>
      <symbol id="sm-268">
         <name>_InitPieVectTable</name>
         <value>0x3f6772</value>
         <object_component_ref idref="oc-128"/>
      </symbol>
      <symbol id="sm-28d">
         <name>_InitPll</name>
         <value>0x3f6048</value>
         <object_component_ref idref="oc-126"/>
      </symbol>
      <symbol id="sm-28e">
         <name>_IntOsc1Sel</name>
         <value>0x3f6030</value>
         <object_component_ref idref="oc-126"/>
      </symbol>
      <symbol id="sm-28f">
         <name>_ExtOscSel</name>
         <value>0x3f6106</value>
         <object_component_ref idref="oc-126"/>
      </symbol>
      <symbol id="sm-290">
         <name>_DisableDog</name>
         <value>0x3f6040</value>
         <object_component_ref idref="oc-126"/>
      </symbol>
      <symbol id="sm-291">
         <name>_InitPeripheralClocks</name>
         <value>0x3f609a</value>
         <object_component_ref idref="oc-126"/>
      </symbol>
      <symbol id="sm-292">
         <name>_IntOsc2Sel</name>
         <value>0x3f601e</value>
         <object_component_ref idref="oc-126"/>
      </symbol>
      <symbol id="sm-293">
         <name>_InitFlash</name>
         <value>0x3f60e9</value>
         <object_component_ref idref="oc-126"/>
      </symbol>
      <symbol id="sm-294">
         <name>_CsmUnlock</name>
         <value>0x3f611e</value>
         <object_component_ref idref="oc-126"/>
      </symbol>
      <symbol id="sm-295">
         <name>_ServiceDog</name>
         <value>0x3f6014</value>
         <object_component_ref idref="oc-126"/>
      </symbol>
      <symbol id="sm-296">
         <name>_XtalOscSel</name>
         <value>0x3f6000</value>
         <object_component_ref idref="oc-126"/>
      </symbol>
      <symbol id="sm-297">
         <name>_InitSysCtrl</name>
         <value>0x3f60d1</value>
         <object_component_ref idref="oc-126"/>
      </symbol>
      <symbol id="sm-2ac">
         <name>_DSP28x_usDelay</name>
         <value>0x8000</value>
         <object_component_ref idref="oc-d4"/>
      </symbol>
      <symbol id="sm-2c7">
         <name>_c_int00</name>
         <value>0x3f6628</value>
         <object_component_ref idref="oc-35"/>
      </symbol>
      <symbol id="sm-2c8">
         <name>__stack</name>
         <value>0x50</value>
         <object_component_ref idref="oc-d9"/>
      </symbol>
      <symbol id="sm-2e2">
         <name>FS$$ADD</name>
         <value>0x3f64f9</value>
         <object_component_ref idref="oc-df"/>
      </symbol>
      <symbol id="sm-2e3">
         <name>FS$$SUB</name>
         <value>0x3f64f4</value>
         <object_component_ref idref="oc-df"/>
      </symbol>
      <symbol id="sm-2f4">
         <name>FS$$MPY</name>
         <value>0x3f65ce</value>
         <object_component_ref idref="oc-e4"/>
      </symbol>
      <symbol id="sm-307">
         <name>FS$$TOL</name>
         <value>0x3f66a5</value>
         <object_component_ref idref="oc-e9"/>
      </symbol>
      <symbol id="sm-315">
         <name>I$$MOD</name>
         <value>0x3f672b</value>
         <object_component_ref idref="oc-ee"/>
      </symbol>
      <symbol id="sm-316">
         <name>I$$DIV</name>
         <value>0x3f671a</value>
         <object_component_ref idref="oc-ee"/>
      </symbol>
      <symbol id="sm-324">
         <name>U$$TOFS</name>
         <value>0x3f6783</value>
         <object_component_ref idref="oc-f3"/>
      </symbol>
      <symbol id="sm-333">
         <name>_copy_in</name>
         <value>0x3f66f6</value>
         <object_component_ref idref="oc-11e"/>
      </symbol>
      <symbol id="sm-344">
         <name>_memcpy</name>
         <value>0x3f673c</value>
         <object_component_ref idref="oc-123"/>
      </symbol>
      <symbol id="sm-350">
         <name>__system_pre_init</name>
         <value>0x3f67ae</value>
         <object_component_ref idref="oc-11d"/>
      </symbol>
      <symbol id="sm-35d">
         <name>__system_post_cinit</name>
         <value>0x3f67b0</value>
         <object_component_ref idref="oc-11f"/>
      </symbol>
      <symbol id="sm-371">
         <name>C$$EXIT</name>
         <value>0x3f667c</value>
         <object_component_ref idref="oc-121"/>
      </symbol>
      <symbol id="sm-372">
         <name>_exit</name>
         <value>0x3f667e</value>
         <object_component_ref idref="oc-121"/>
      </symbol>
      <symbol id="sm-373">
         <name>___TI_cleanup_ptr</name>
         <value>0x8830</value>
         <object_component_ref idref="oc-10e"/>
      </symbol>
      <symbol id="sm-374">
         <name>___TI_enable_exit_profile_output</name>
         <value>0x882e</value>
         <object_component_ref idref="oc-10e"/>
      </symbol>
      <symbol id="sm-375">
         <name>_abort</name>
         <value>0x3f667c</value>
         <object_component_ref idref="oc-121"/>
      </symbol>
      <symbol id="sm-376">
         <name>___TI_dtors_ptr</name>
         <value>0x8832</value>
         <object_component_ref idref="oc-10e"/>
      </symbol>
      <symbol id="sm-38a">
         <name>__unlock</name>
         <value>0x8838</value>
         <object_component_ref idref="oc-12f"/>
      </symbol>
      <symbol id="sm-38b">
         <name>__lock</name>
         <value>0x8836</value>
         <object_component_ref idref="oc-124"/>
      </symbol>
      <symbol id="sm-38c">
         <name>__register_lock</name>
         <value>0x3f6797</value>
         <object_component_ref idref="oc-12b"/>
      </symbol>
      <symbol id="sm-38d">
         <name>__nop</name>
         <value>0x3f679b</value>
         <object_component_ref idref="oc-12b"/>
      </symbol>
      <symbol id="sm-38e">
         <name>__register_unlock</name>
         <value>0x3f6793</value>
         <object_component_ref idref="oc-12b"/>
      </symbol>
      <symbol id="sm-39d">
         <name>__args_main</name>
         <value>0x3f6759</value>
         <object_component_ref idref="oc-120"/>
      </symbol>
   </symbol_table>
   <title>Link successful</title>
</link_info>
